---
source: tm/tests/init_tree.rs
expression: text
---
# tm — rules for Claude Code
Files: month/ week/ day/ backlog.md routines.md optional.md calendar/ inbox.md. Horizon = file. Rank = line order.
Grammar: `- [ ] <ci 0-5> <est> Title @parent #tag key:value ^id`. Fields: due at win dur pref every after-done on-event on-miss min max after loc est. Flags: open atomic manual travel-day hot.
Always: add items with `tm add "..."` (or write the grammar exactly, then run `tm check`). Read `tm plan --json` before reasoning about today. Use `tm model --show` multipliers when estimating.
Never: edit between `<!-- tm:plan start/end -->`; edit `## Log`; mark blocks done; change an existing item's ci, est, or priority unless asked; reorder `month/` outcomes without confirmation; touch `.tm/`.
Demote, never delete. Explain the diff after `tm plan --diff`.
