---
source: tm/tests/review_day.rs
expression: render_day(&review())
---
 Day 2026-09-07 · lounge · 5/6 blocks · load 293.0 · window 07:00–16:00 · lost 55m (call) · leak 14m · adherence 83%
 done      t1 t2 t3 t4 p1    demoted  t5 (0.5b → 2026-W37)    underused 1    replans 4 · drift 75m
 energy    pred 5 4 5 5 4 4 4 4 3   rep 5 5 · 5 4 4 3 3 2    MAE 0.5  bias −0.3 after 13:00
 estimates admin ×0.88 (n=13)   lean ×1.19 (n=12)   soundcode ×1 (n=11)
 breaks    planned 20m ×3 · actual 24 (walk) 31 (seat) 20 (walk) · rest debt 0
 sleep     8h10m · onset 25m
 tomorrow  first candidate t5 (after t4) · d1 p1 u=0.6 · a3 done
