---
source: tm/tests/review_month.rs
expression: review()
---
{
  "month": {
    "year": 2026,
    "month": 9
  },
  "block_len_min": 60,
  "outcomes": [
    {
      "id": "O1",
      "title": "Lean: through ch.8 of the tutorial",
      "k": 1,
      "done": true,
      "progress": 0.11
    },
    {
      "id": "O2",
      "title": "Soundcode: end-to-end demo runs",
      "k": 1,
      "done": false,
      "progress": 0.0
    },
    {
      "id": "O3",
      "title": "Winter course selection + admin done",
      "k": 3,
      "done": false,
      "progress": 0.0
    }
  ],
  "done_count": 1,
  "demoted": [
    "m8",
    "m9"
  ],
  "churn": [
    {
      "id": "m9",
      "stamps": [
        {
          "Week": 34
        },
        {
          "Week": 35
        },
        {
          "Week": 36
        }
      ]
    },
    {
      "id": "m4",
      "stamps": [
        {
          "Week": 35
        },
        {
          "Week": 36
        }
      ]
    },
    {
      "id": "m8",
      "stamps": [
        {
          "Week": 35
        },
        {
          "Week": 36
        }
      ]
    }
  ],
  "carry_over": [
    [
      "2026-W36",
      300
    ]
  ],
  "cuts": [
    "m9",
    "m4",
    "m8"
  ]
}
