---
source: tm/tests/tui_today_render.rs
expression: "render_lines(&today::now_lines(&app(), 46), 46)"
---
"ci4 p1 Exercises 5.3–5.5  @m1                 "
"elapsed 1h10m ▐█████░░░░░░░░░░▌ est 2b ×1.6   "
"next 11:20 lunch 30m · 11:50 Claude Code draf…"
"                                              "
"d done  x extend  s stop  b break  i interrupt"
"0-5 energy  l location  K skip  n note  Space…"
