---
source: tm/tests/tui_today_prompts.rs
expression: "overlay(|f|\n{\n    prompts::draw(f, Rect::new(0, 0, 80, 12),\n    &Prompt::Overtime(over.clone()));\n})"
---
"                                                                                "
"                                                                                "
"      ┌ Overtime ────────────────────────────────────────────────────────┐      "
"      │Exercises 5.3–5.5     est 2b ×1.6 = 1h · elapsed 1h10m            │      "
"      │  x  extend +1 block      → drops: Claude Code drafts tests (p3)  │      "
"      │  s  stop, demote rest    → 5m stays in the week queue            │      "
"      │  d  done                                                         │      "
"      │  any other key: ask again in 15m                                 │      "
"      └──────────────────────────────────────────────────────────────────┘      "
"                                                                                "
"                                                                                "
"                                                                                "
