---
source: tm-core/tests/check_fixtures.rs
expression: lines(&problems)
---
backlog.md:2: error[dup-id]: duplicate id ^a1; also at backlog.md:4
backlog.md:4: error[dup-id]: duplicate id ^a1; also at backlog.md:2
backlog.md:11: warning[series-order]: `[>]` on a non-head member of series `cell-bio`; only the head is active (the head is ^c1)
calendar/2026-W37.md:3: warning[wall-conflict]: wall ^g6 2026-09-08T10:30–11:30 overlaps ^g5 2026-09-08T10:00–11:00 (calendar/2026-W37.md:2)
calendar/2026-W37.md:5: error[calendar-shape]: a calendar line must be an interval (`at:<start>/<end>`)
day/2026-09-07.md:19: warning[day-section]: items in a day file belong under `# Pinned` (section `# Scratch`)
month/2026-09.md:8: warning[outcome-with-est]: outcome with an estimate (4.0b) and no children — did you mean a milestone in `week/`?
optional.md:3: warning[optional-shape]: an optional item needs `dur:` so it can be time-boxed
routines.md:4: error[routine-shape]: a routine needs a window (`win:` + `dur:`) or `after-done:`
week/2026-W37.md:15: error[dangling-dep]: dependency after:^t9 does not exist
week/2026-W37.md:17: warning[priority-on-child]: priority on a non-root is ignored; ^m1 carries the priority of this branch
week/2026-W37.md:18: error[dangling-parent]: parent @ghost does not exist
week/2026-W37.md:19: error[bad-value]: `due:tomorrow`: invalid date or date-time: "tomorrow"
week/2026-W37.md:20: warning[unknown-key]: unknown key `foo:bar`; it is preserved but ignored
week/2026-W37.md:21: error[bad-ci]: `ci:7`: invalid ci: "7"
week/2026-W37.md:22: error[bad-ci]: `!9`: priority must be `!1`..`!4` (§4.1)
week/2026-W37.md:23: warning[unclassified-token]: `^%` is not a token; it stays in the title (§4.1)
week/2026-W37.md:24: warning[missing-id]: no `^id` on `Book the flight home`; run `tm check --fix-ids`
week/2026-W37.md:25: warning[waiting-state]: state `[?]` without `waiting:<date>`
week/2026-W37.md:26: warning[waiting-state]: `waiting:2026-09-05` without state `[?]`
week/2026-W37.md:29: error[dep-cycle]: dependency cycle: ^z1 -> ^z2 -> ^z1
week/2026-W37.md:33: error[parent-cycle]: parent cycle: ^y1 -> ^y2 -> ^y1
