---
source: tm-core/tests/emit_now.rs
expression: out
---
09:20  4 p1 ▶ Exercises 5.3–5.5            @m1  2b×1.6
  09:20–11:20 · elapsed 1h22m · left 38m
next
11:20  ·      lunch 30m
11:50  4↓p3   Claude Code drafts tests     @m2  1b     ↓ slot 4, item 3
12:50  ⏰     Meeting w/ host                   1h
