---
source: tm-core/tests/grammar_fixtures.rs
expression: items
---
- id: m1
  title: Finish ch.5 exercises
  state: Todo
  ci: 5
  ci_explicit: true
  est: ~
  est_original:
    minutes: 360
    unit:
      Blocks: 6
  dur: ~
  priority: ~
  parent: O1
  horizon:
    Week:
      year: 2026
      week: 37
  scope: Finite
  shape: None
  pref: ~
  recur: None
  on_miss: Persist
  budget:
    floor: ~
    cap: ~
  splittable: true
  after: []
  loc: Any
  buffer: ~
  tags: []
  flags: []
  series: ~
  stamps:
    demoted: []
    waiting_since: ~
  extra: []
  problems: []
  src:
    file: week/2026-W37.md
    line: 8
    section: Milestones
    tokens:
      tokens:
        - lead: ""
          text: "-"
          kind: Bullet
        - lead: " "
          text: "[ ]"
          kind: State
        - lead: " "
          text: "5"
          kind: Ci
        - lead: " "
          text: 6b
          kind: Est
        - lead: " "
          text: Finish ch.5 exercises
          kind: Title
        - lead: "        "
          text: "@O1"
          kind: Parent
        - lead: " "
          text: ^m1
          kind: Id
      trailing: ""
- id: m2
  title: Rollback path passes tests
  state: Todo
  ci: 4
  ci_explicit: true
  est: ~
  est_original:
    minutes: 360
    unit:
      Blocks: 6
  dur: ~
  priority: ~
  parent: O2
  horizon:
    Week:
      year: 2026
      week: 37
  scope: Finite
  shape: None
  pref: ~
  recur: None
  on_miss: Persist
  budget:
    floor: ~
    cap: ~
  splittable: true
  after: []
  loc: Any
  buffer: ~
  tags: []
  flags: []
  series: ~
  stamps:
    demoted: []
    waiting_since: ~
  extra: []
  problems: []
  src:
    file: week/2026-W37.md
    line: 9
    section: Milestones
    tokens:
      tokens:
        - lead: ""
          text: "-"
          kind: Bullet
        - lead: " "
          text: "[ ]"
          kind: State
        - lead: " "
          text: "4"
          kind: Ci
        - lead: " "
          text: 6b
          kind: Est
        - lead: " "
          text: Rollback path passes tests
          kind: Title
        - lead: "   "
          text: "@O2"
          kind: Parent
        - lead: " "
          text: ^m2
          kind: Id
      trailing: ""
- id: m3
  title: Read ch.6
  state: Todo
  ci: 5
  ci_explicit: true
  est: ~
  est_original:
    minutes: 180
    unit:
      Blocks: 3
  dur: ~
  priority: ~
  parent: O1
  horizon:
    Week:
      year: 2026
      week: 37
  scope: Finite
  shape: None
  pref: ~
  recur: None
  on_miss: Persist
  budget:
    floor: ~
    cap: ~
  splittable: true
  after: []
  loc: Any
  buffer: ~
  tags: []
  flags: []
  series: ~
  stamps:
    demoted: []
    waiting_since: ~
  extra: []
  problems: []
  src:
    file: week/2026-W37.md
    line: 10
    section: Milestones
    tokens:
      tokens:
        - lead: ""
          text: "-"
          kind: Bullet
        - lead: " "
          text: "[ ]"
          kind: State
        - lead: " "
          text: "5"
          kind: Ci
        - lead: " "
          text: 3b
          kind: Est
        - lead: " "
          text: Read ch.6
          kind: Title
        - lead: "                    "
          text: "@O1"
          kind: Parent
        - lead: " "
          text: ^m3
          kind: Id
      trailing: ""
- id: m4
  title: Pick winter courses
  state: Todo
  ci: 2
  ci_explicit: true
  est: ~
  est_original:
    minutes: 120
    unit:
      Blocks: 2
  dur: ~
  priority: ~
  parent: O3
  horizon:
    Week:
      year: 2026
      week: 37
  scope: Finite
  shape: None
  pref: ~
  recur: None
  on_miss: Persist
  budget:
    floor: ~
    cap: ~
  splittable: true
  after: []
  loc: Any
  buffer: ~
  tags: []
  flags: []
  series: ~
  stamps:
    demoted: []
    waiting_since: ~
  extra: []
  problems: []
  src:
    file: week/2026-W37.md
    line: 11
    section: Milestones
    tokens:
      tokens:
        - lead: ""
          text: "-"
          kind: Bullet
        - lead: " "
          text: "[ ]"
          kind: State
        - lead: " "
          text: "2"
          kind: Ci
        - lead: " "
          text: 2b
          kind: Est
        - lead: " "
          text: Pick winter courses
          kind: Title
        - lead: "          "
          text: "@O3"
          kind: Parent
        - lead: " "
          text: ^m4
          kind: Id
      trailing: ""
- id: d1
  title: CS 234 pset 2
  state: Todo
  ci: 4
  ci_explicit: true
  est: ~
  est_original:
    minutes: 360
    unit:
      Blocks: 6
  dur: ~
  priority: ~
  parent: O3
  horizon:
    Week:
      year: 2026
      week: 37
  scope: Finite
  shape:
    Point:
      due:
        DateTime: "2026-09-11T23:59:00"
  pref: ~
  recur: None
  on_miss: Persist
  budget:
    floor: ~
    cap:
      amount:
        minutes: 120
        unit:
          Blocks: 2
      per: Day
  splittable: true
  after: []
  loc: Any
  buffer: ~
  tags: []
  flags: []
  series: ~
  stamps:
    demoted: []
    waiting_since: ~
  extra: []
  problems: []
  src:
    file: week/2026-W37.md
    line: 12
    section: Milestones
    tokens:
      tokens:
        - lead: ""
          text: "-"
          kind: Bullet
        - lead: " "
          text: "[ ]"
          kind: State
        - lead: " "
          text: "4"
          kind: Ci
        - lead: " "
          text: 6b
          kind: Est
        - lead: " "
          text: CS 234 pset 2
          kind: Title
        - lead: "                "
          text: "@O3"
          kind: Parent
        - lead: " "
          text: "due:2026-09-11T23:59"
          kind:
            Key: due
        - lead: " "
          text: "max:2b/d"
          kind:
            Key: max
        - lead: " "
          text: ^d1
          kind: Id
      trailing: ""
- id: x1
  title: Midterm
  state: Todo
  ci: 5
  ci_explicit: true
  est: ~
  est_original:
    minutes: 120
    unit: Hours
  dur: ~
  priority: ~
  parent: O3
  horizon:
    Week:
      year: 2026
      week: 37
  scope: Finite
  shape:
    Interval:
      start: "2026-10-20T10:00:00"
      end: "2026-10-20T12:00:00"
  pref: ~
  recur: None
  on_miss: Persist
  budget:
    floor: ~
    cap: ~
  splittable: true
  after: []
  loc:
    Named: JCL
  buffer: ~
  tags: []
  flags: []
  series: ~
  stamps:
    demoted: []
    waiting_since: ~
  extra: []
  problems: []
  src:
    file: week/2026-W37.md
    line: 13
    section: Milestones
    tokens:
      tokens:
        - lead: ""
          text: "-"
          kind: Bullet
        - lead: " "
          text: "[ ]"
          kind: State
        - lead: " "
          text: "5"
          kind: Ci
        - lead: " "
          text: 2h
          kind: Est
        - lead: " "
          text: Midterm
          kind: Title
        - lead: "                      "
          text: "@O3"
          kind: Parent
        - lead: " "
          text: "at:2026-10-20T10:00/12:00"
          kind:
            Key: at
        - lead: " "
          text: "loc:JCL"
          kind:
            Key: loc
        - lead: " "
          text: ^x1
          kind: Id
      trailing: ""
- id: x2
  title: Midterm review
  state: Todo
  ci: 5
  ci_explicit: true
  est: ~
  est_original:
    minutes: 480
    unit:
      Blocks: 8
  dur: ~
  priority: ~
  parent: x1
  horizon:
    Week:
      year: 2026
      week: 37
  scope: Finite
  shape: None
  pref: ~
  recur: None
  on_miss: Persist
  budget:
    floor: ~
    cap: ~
  splittable: true
  after: []
  loc: Any
  buffer: ~
  tags: []
  flags: []
  series: ~
  stamps:
    demoted: []
    waiting_since: ~
  extra: []
  problems: []
  src:
    file: week/2026-W37.md
    line: 14
    section: Milestones
    tokens:
      tokens:
        - lead: ""
          text: "-"
          kind: Bullet
        - lead: " "
          text: "[ ]"
          kind: State
        - lead: " "
          text: "5"
          kind: Ci
        - lead: " "
          text: 8b
          kind: Est
        - lead: " "
          text: Midterm review
          kind: Title
        - lead: "               "
          text: "@x1"
          kind: Parent
        - lead: " "
          text: ^x2
          kind: Id
      trailing: ""
- id: t1
  title: Read ch.6 §1–2
  state: Todo
  ci: 5
  ci_explicit: true
  est: ~
  est_original:
    minutes: 60
    unit:
      Blocks: 1
  dur: ~
  priority: ~
  parent: m3
  horizon:
    Week:
      year: 2026
      week: 37
  scope: Finite
  shape: None
  pref: ~
  recur: None
  on_miss: Persist
  budget:
    floor: ~
    cap: ~
  splittable: true
  after: []
  loc: Any
  buffer: ~
  tags: []
  flags: []
  series: ~
  stamps:
    demoted: []
    waiting_since: ~
  extra: []
  problems: []
  src:
    file: week/2026-W37.md
    line: 17
    section: Tasks
    tokens:
      tokens:
        - lead: ""
          text: "-"
          kind: Bullet
        - lead: " "
          text: "[ ]"
          kind: State
        - lead: " "
          text: "5"
          kind: Ci
        - lead: " "
          text: 1b
          kind: Est
        - lead: " "
          text: Read ch.6 §1–2
          kind: Title
        - lead: "               "
          text: "@m3"
          kind: Parent
        - lead: " "
          text: ^t1
          kind: Id
      trailing: ""
- id: t3
  title: Exercises 5.3–5.5
  state: Active
  ci: 4
  ci_explicit: true
  est:
    minutes: 60
    unit:
      Blocks: 1
  est_original:
    minutes: 120
    unit:
      Blocks: 2
  dur: ~
  priority: ~
  parent: m1
  horizon:
    Week:
      year: 2026
      week: 37
  scope: Finite
  shape: None
  pref: ~
  recur: None
  on_miss: Persist
  budget:
    floor: ~
    cap: ~
  splittable: true
  after: []
  loc: Any
  buffer: ~
  tags: []
  flags: []
  series: ~
  stamps:
    demoted: []
    waiting_since: ~
  extra: []
  problems: []
  src:
    file: week/2026-W37.md
    line: 18
    section: Tasks
    tokens:
      tokens:
        - lead: ""
          text: "-"
          kind: Bullet
        - lead: " "
          text: "[>]"
          kind: State
        - lead: " "
          text: "4"
          kind: Ci
        - lead: " "
          text: 2b
          kind: Est
        - lead: " "
          text: Exercises 5.3–5.5
          kind: Title
        - lead: "            "
          text: "@m1"
          kind: Parent
        - lead: " "
          text: "est:1b"
          kind:
            Key: est
        - lead: " "
          text: ^t3
          kind: Id
      trailing: ""
- id: t4
  title: Claude Code drafts tests
  state: Todo
  ci: 3
  ci_explicit: true
  est: ~
  est_original:
    minutes: 60
    unit:
      Blocks: 1
  dur: ~
  priority: ~
  parent: m2
  horizon:
    Week:
      year: 2026
      week: 37
  scope: Finite
  shape: None
  pref: ~
  recur: None
  on_miss: Persist
  budget:
    floor: ~
    cap: ~
  splittable: true
  after: []
  loc: Any
  buffer: ~
  tags: []
  flags: []
  series: ~
  stamps:
    demoted: []
    waiting_since: ~
  extra: []
  problems: []
  src:
    file: week/2026-W37.md
    line: 19
    section: Tasks
    tokens:
      tokens:
        - lead: ""
          text: "-"
          kind: Bullet
        - lead: " "
          text: "[ ]"
          kind: State
        - lead: " "
          text: "3"
          kind: Ci
        - lead: " "
          text: 1b
          kind: Est
        - lead: " "
          text: Claude Code drafts tests
          kind: Title
        - lead: "     "
          text: "@m2"
          kind: Parent
        - lead: " "
          text: ^t4
          kind: Id
      trailing: ""
- id: t5
  title: Review the drafts
  state: Todo
  ci: 3
  ci_explicit: true
  est: ~
  est_original:
    minutes: 60
    unit:
      Blocks: 1
  dur: ~
  priority: ~
  parent: m2
  horizon:
    Week:
      year: 2026
      week: 37
  scope: Finite
  shape: None
  pref: ~
  recur: None
  on_miss: Persist
  budget:
    floor: ~
    cap: ~
  splittable: true
  after:
    - Item: t4
  loc: Any
  buffer: ~
  tags: []
  flags: []
  series: ~
  stamps:
    demoted: []
    waiting_since: ~
  extra: []
  problems: []
  src:
    file: week/2026-W37.md
    line: 20
    section: Tasks
    tokens:
      tokens:
        - lead: ""
          text: "-"
          kind: Bullet
        - lead: " "
          text: "[ ]"
          kind: State
        - lead: " "
          text: "3"
          kind: Ci
        - lead: " "
          text: 1b
          kind: Est
        - lead: " "
          text: Review the drafts
          kind: Title
        - lead: "            "
          text: "@m2"
          kind: Parent
        - lead: " "
          text: "after:^t4"
          kind:
            Key: after
        - lead: " "
          text: ^t5
          kind: Id
      trailing: ""
