---
source: tm-core/tests/grammar_fixtures.rs
expression: items
---
- id: g1
  title: Meeting w/ host
  state: Todo
  ci: 3
  ci_explicit: true
  est: ~
  est_original: ~
  dur: ~
  priority: ~
  parent: ~
  horizon:
    Calendar:
      year: 2026
      week: 37
  scope: Finite
  shape:
    Interval:
      start: "2026-09-07T12:50:00"
      end: "2026-09-07T13:50:00"
  pref: ~
  recur: None
  on_miss: Persist
  budget:
    floor: ~
    cap: ~
  splittable: true
  after: []
  loc:
    Named: zoom
  buffer: ~
  tags: []
  flags: []
  series: ~
  stamps:
    demoted: []
    waiting_since: ~
  extra: []
  problems: []
  src:
    file: calendar/2026-W37.md
    line: 1
    section: ~
    tokens:
      tokens:
        - lead: ""
          text: "-"
          kind: Bullet
        - lead: " "
          text: "[ ]"
          kind: State
        - lead: " "
          text: "3"
          kind: Ci
        - lead: " "
          text: Meeting w/ host
          kind: Title
        - lead: "      "
          text: "at:2026-09-07T12:50/13:50"
          kind:
            Key: at
        - lead: " "
          text: "loc:zoom"
          kind:
            Key: loc
        - lead: " "
          text: ^g1
          kind: Id
      trailing: ""
- id: g2
  title: CS 234 lecture
  state: Todo
  ci: 2
  ci_explicit: true
  est: ~
  est_original: ~
  dur: ~
  priority: ~
  parent: ~
  horizon:
    Calendar:
      year: 2026
      week: 37
  scope: Finite
  shape:
    Interval:
      start: "2026-09-09T15:00:00"
      end: "2026-09-09T16:20:00"
  pref: ~
  recur: None
  on_miss: Persist
  budget:
    floor: ~
    cap: ~
  splittable: true
  after: []
  loc:
    Named: JCL
  buffer: ~
  tags: []
  flags: []
  series: ~
  stamps:
    demoted: []
    waiting_since: ~
  extra: []
  problems: []
  src:
    file: calendar/2026-W37.md
    line: 2
    section: ~
    tokens:
      tokens:
        - lead: ""
          text: "-"
          kind: Bullet
        - lead: " "
          text: "[ ]"
          kind: State
        - lead: " "
          text: "2"
          kind: Ci
        - lead: " "
          text: CS 234 lecture
          kind: Title
        - lead: "       "
          text: "at:2026-09-09T15:00/16:20"
          kind:
            Key: at
        - lead: " "
          text: "loc:JCL"
          kind:
            Key: loc
        - lead: " "
          text: ^g2
          kind: Id
      trailing: ""
- id: g3
  title: ✈ ORD→SFO UA 1234
  state: Todo
  ci: 1
  ci_explicit: true
  est: ~
  est_original: ~
  dur: ~
  priority: ~
  parent: ~
  horizon:
    Calendar:
      year: 2026
      week: 37
  scope: Finite
  shape:
    Interval:
      start: "2026-09-12T08:15:00"
      end: "2026-09-12T10:40:00"
  pref: ~
  recur: None
  on_miss: Persist
  budget:
    floor: ~
    cap: ~
  splittable: true
  after: []
  loc: Any
  buffer:
    minutes: 120
    unit: Hours
  tags: []
  flags:
    - travel-day
  series: ~
  stamps:
    demoted: []
    waiting_since: ~
  extra: []
  problems: []
  src:
    file: calendar/2026-W37.md
    line: 3
    section: ~
    tokens:
      tokens:
        - lead: ""
          text: "-"
          kind: Bullet
        - lead: " "
          text: "[ ]"
          kind: State
        - lead: " "
          text: "1"
          kind: Ci
        - lead: " "
          text: ✈ ORD→SFO UA 1234
          kind: Title
        - lead: "    "
          text: "at:2026-09-12T08:15/10:40"
          kind:
            Key: at
        - lead: " "
          text: "buffer:2h"
          kind:
            Key: buffer
        - lead: " "
          text: travel-day
          kind: Flag
        - lead: " "
          text: ^g3
          kind: Id
      trailing: ""
- id: g4
  title: Dinner w/ Kun
  state: Todo
  ci: 1
  ci_explicit: true
  est: ~
  est_original: ~
  dur: ~
  priority: ~
  parent: ~
  horizon:
    Calendar:
      year: 2026
      week: 37
  scope: Finite
  shape:
    Interval:
      start: "2026-09-10T19:00:00"
      end: "2026-09-10T20:00:00"
  pref: ~
  recur: None
  on_miss: Persist
  budget:
    floor: ~
    cap: ~
  splittable: true
  after: []
  loc: Any
  buffer: ~
  tags: []
  flags:
    - manual
  series: ~
  stamps:
    demoted: []
    waiting_since: ~
  extra: []
  problems: []
  src:
    file: calendar/2026-W37.md
    line: 4
    section: ~
    tokens:
      tokens:
        - lead: ""
          text: "-"
          kind: Bullet
        - lead: " "
          text: "[ ]"
          kind: State
        - lead: " "
          text: "1"
          kind: Ci
        - lead: " "
          text: Dinner w/ Kun
          kind: Title
        - lead: "        "
          text: "at:2026-09-10T19:00/20:00"
          kind:
            Key: at
        - lead: " "
          text: manual
          kind: Flag
        - lead: " "
          text: ^g4
          kind: Id
      trailing: ""
