---
source: tm-core/tests/grammar_fixtures.rs
expression: items
---
- id: ""
  title: sleep
  state: Todo
  ci: 0
  ci_explicit: true
  est: ~
  est_original: ~
  dur:
    minutes: 510
    unit: HoursMinutes
  priority: ~
  parent: ~
  horizon: Routine
  scope: Open
  shape:
    Window:
      range:
        Daily:
          from: "22:00:00"
          to: "08:00:00"
      dur:
        minutes: 510
        unit: HoursMinutes
  pref: ~
  recur:
    Calendar: Daily
  on_miss: Expire
  budget:
    floor: ~
    cap: ~
  splittable: true
  after: []
  loc: Any
  buffer: ~
  tags: []
  flags: []
  series: ~
  stamps:
    demoted: []
    waiting_since: ~
  extra: []
  problems: []
  src:
    file: routines.md
    line: 1
    section: ~
    tokens:
      tokens:
        - lead: ""
          text: "-"
          kind: Bullet
        - lead: " "
          text: sleep
          kind: Title
        - lead: "      "
          text: "win:22:00-08:00"
          kind:
            Key: win
        - lead: " "
          text: "dur:8h30m"
          kind:
            Key: dur
        - lead: " "
          text: "every:day"
          kind:
            Key: every
        - lead: " "
          text: "ci:0"
          kind:
            Key: ci
      trailing: ""
- id: ""
  title: breakfast
  state: Todo
  ci: 1
  ci_explicit: false
  est: ~
  est_original: ~
  dur:
    minutes: 30
    unit: Minutes
  priority: ~
  parent: ~
  horizon: Routine
  scope: Open
  shape:
    Window:
      range:
        Daily:
          from: "06:00:00"
          to: "09:00:00"
      dur:
        minutes: 30
        unit: Minutes
  pref:
    WakePlus:
      minutes: 10
      unit: Minutes
  recur:
    Calendar: Daily
  on_miss: Expire
  budget:
    floor: ~
    cap: ~
  splittable: true
  after: []
  loc: Any
  buffer: ~
  tags: []
  flags: []
  series: ~
  stamps:
    demoted: []
    waiting_since: ~
  extra: []
  problems: []
  src:
    file: routines.md
    line: 2
    section: ~
    tokens:
      tokens:
        - lead: ""
          text: "-"
          kind: Bullet
        - lead: " "
          text: breakfast
          kind: Title
        - lead: "  "
          text: "win:06:00-09:00"
          kind:
            Key: win
        - lead: " "
          text: "dur:30m"
          kind:
            Key: dur
        - lead: "  "
          text: "every:day"
          kind:
            Key: every
        - lead: " "
          text: "pref:wake+10m"
          kind:
            Key: pref
      trailing: ""
- id: ""
  title: lunch
  state: Todo
  ci: 1
  ci_explicit: false
  est: ~
  est_original: ~
  dur:
    minutes: 30
    unit: Minutes
  priority: ~
  parent: ~
  horizon: Routine
  scope: Open
  shape:
    Window:
      range:
        Daily:
          from: "11:30:00"
          to: "13:30:00"
      dur:
        minutes: 30
        unit: Minutes
  pref: ~
  recur:
    Calendar: Daily
  on_miss: Expire
  budget:
    floor: ~
    cap: ~
  splittable: true
  after: []
  loc: Any
  buffer: ~
  tags: []
  flags: []
  series: ~
  stamps:
    demoted: []
    waiting_since: ~
  extra: []
  problems: []
  src:
    file: routines.md
    line: 3
    section: ~
    tokens:
      tokens:
        - lead: ""
          text: "-"
          kind: Bullet
        - lead: " "
          text: lunch
          kind: Title
        - lead: "      "
          text: "win:11:30-13:30"
          kind:
            Key: win
        - lead: " "
          text: "dur:30m"
          kind:
            Key: dur
        - lead: "  "
          text: "every:day"
          kind:
            Key: every
      trailing: ""
- id: ""
  title: dinner
  state: Todo
  ci: 1
  ci_explicit: false
  est: ~
  est_original: ~
  dur:
    minutes: 30
    unit: Minutes
  priority: ~
  parent: ~
  horizon: Routine
  scope: Open
  shape:
    Window:
      range:
        Daily:
          from: "17:30:00"
          to: "19:30:00"
      dur:
        minutes: 30
        unit: Minutes
  pref: ~
  recur:
    Calendar: Daily
  on_miss: Expire
  budget:
    floor: ~
    cap: ~
  splittable: true
  after: []
  loc: Any
  buffer: ~
  tags: []
  flags: []
  series: ~
  stamps:
    demoted: []
    waiting_since: ~
  extra: []
  problems: []
  src:
    file: routines.md
    line: 4
    section: ~
    tokens:
      tokens:
        - lead: ""
          text: "-"
          kind: Bullet
        - lead: " "
          text: dinner
          kind: Title
        - lead: "     "
          text: "win:17:30-19:30"
          kind:
            Key: win
        - lead: " "
          text: "dur:30m"
          kind:
            Key: dur
        - lead: "  "
          text: "every:day"
          kind:
            Key: every
      trailing: ""
- id: ""
  title: workout
  state: Todo
  ci: 1
  ci_explicit: false
  est: ~
  est_original: ~
  dur:
    minutes: 60
    unit: Hours
  priority: ~
  parent: ~
  horizon: Routine
  scope: Open
  shape:
    Window:
      range:
        Daily:
          from: "16:00:00"
          to: "19:00:00"
      dur:
        minutes: 60
        unit: Hours
  pref: ~
  recur:
    Calendar:
      Weekly:
        - Mon
        - Wed
        - Fri
  on_miss: Expire
  budget:
    floor: ~
    cap: ~
  splittable: true
  after: []
  loc: Any
  buffer: ~
  tags: []
  flags: []
  series: ~
  stamps:
    demoted: []
    waiting_since: ~
  extra: []
  problems: []
  src:
    file: routines.md
    line: 5
    section: ~
    tokens:
      tokens:
        - lead: ""
          text: "-"
          kind: Bullet
        - lead: " "
          text: workout
          kind: Title
        - lead: "    "
          text: "win:16:00-19:00"
          kind:
            Key: win
        - lead: " "
          text: "dur:1h"
          kind:
            Key: dur
        - lead: "   "
          text: "every:Mon,Wed,Fri"
          kind:
            Key: every
      trailing: ""
- id: ""
  title: shower
  state: Todo
  ci: 1
  ci_explicit: false
  est: ~
  est_original: ~
  dur:
    minutes: 20
    unit: Minutes
  priority: ~
  parent: ~
  horizon: Routine
  scope: Open
  shape:
    Window:
      range:
        Daily:
          from: "07:00:00"
          to: "23:00:00"
      dur:
        minutes: 20
        unit: Minutes
  pref: ~
  recur:
    AfterDone:
      offset:
        minutes: 2880
        unit: Days
      window:
        minutes: 1440
        unit: Days
  on_miss: Expire
  budget:
    floor: ~
    cap: ~
  splittable: true
  after: []
  loc: Any
  buffer: ~
  tags: []
  flags: []
  series: ~
  stamps:
    demoted: []
    waiting_since: ~
  extra: []
  problems: []
  src:
    file: routines.md
    line: 6
    section: ~
    tokens:
      tokens:
        - lead: ""
          text: "-"
          kind: Bullet
        - lead: " "
          text: shower
          kind: Title
        - lead: "     "
          text: "win:07:00-23:00"
          kind:
            Key: win
        - lead: " "
          text: "dur:20m"
          kind:
            Key: dur
        - lead: "  "
          text: "after-done:2d~1d"
          kind:
            Key: after-done
      trailing: ""
- id: ""
  title: laundry
  state: Todo
  ci: 1
  ci_explicit: false
  est: ~
  est_original: ~
  dur:
    minutes: 30
    unit: Minutes
  priority: ~
  parent: ~
  horizon: Routine
  scope: Open
  shape:
    Window:
      range:
        Daily:
          from: "09:00:00"
          to: "21:00:00"
      dur:
        minutes: 30
        unit: Minutes
  pref: ~
  recur:
    Calendar:
      Weeks: 1
  on_miss: Persist
  budget:
    floor: ~
    cap: ~
  splittable: true
  after: []
  loc: Any
  buffer: ~
  tags: []
  flags: []
  series: ~
  stamps:
    demoted: []
    waiting_since: ~
  extra: []
  problems: []
  src:
    file: routines.md
    line: 7
    section: ~
    tokens:
      tokens:
        - lead: ""
          text: "-"
          kind: Bullet
        - lead: " "
          text: laundry
          kind: Title
        - lead: "    "
          text: "win:09:00-21:00"
          kind:
            Key: win
        - lead: " "
          text: "dur:30m"
          kind:
            Key: dur
        - lead: "  "
          text: "every:week"
          kind:
            Key: every
        - lead: " "
          text: "on-miss:persist"
          kind:
            Key: on-miss
      trailing: ""
- id: ""
  title: groceries
  state: Todo
  ci: 1
  ci_explicit: false
  est: ~
  est_original: ~
  dur:
    minutes: 45
    unit: Minutes
  priority: ~
  parent: ~
  horizon: Routine
  scope: Open
  shape:
    Window:
      range:
        Daily:
          from: "10:00:00"
          to: "20:00:00"
      dur:
        minutes: 45
        unit: Minutes
  pref: ~
  recur:
    Calendar:
      Weeks: 1
  on_miss: Expire
  budget:
    floor: ~
    cap: ~
  splittable: true
  after: []
  loc: Out
  buffer: ~
  tags: []
  flags: []
  series: ~
  stamps:
    demoted: []
    waiting_since: ~
  extra: []
  problems: []
  src:
    file: routines.md
    line: 8
    section: ~
    tokens:
      tokens:
        - lead: ""
          text: "-"
          kind: Bullet
        - lead: " "
          text: groceries
          kind: Title
        - lead: "  "
          text: "win:10:00-20:00"
          kind:
            Key: win
        - lead: " "
          text: "dur:45m"
          kind:
            Key: dur
        - lead: "  "
          text: "every:week"
          kind:
            Key: every
        - lead: " "
          text: "loc:out"
          kind:
            Key: loc
      trailing: ""
