---
source: tm-core/tests/log_ported_facts.rs
expression: f
---
{
  "closes": [
    {
      "t": "2026-09-07T21:35:00-05:00",
      "period": "day",
      "key": "2026-09-07"
    },
    {
      "t": "2026-09-09T00:10:00-05:00",
      "period": "day",
      "key": "2026-09-08"
    }
  ],
  "dropped_items": [],
  "open_interrupt": null,
  "longest_leak": {
    "t": "2026-09-08T12:00:00-05:00",
    "day": "2026-09-08",
    "min": 25
  },
  "interrupts": [
    {
      "start": "2026-09-07T12:10:00-05:00",
      "end": "2026-09-07T13:05:00-05:00",
      "day": "2026-09-07",
      "id": "t4",
      "lost_min": 55,
      "dropped": [
        "t5"
      ]
    },
    {
      "start": "2026-09-09T10:20:00-05:00",
      "end": "2026-09-09T10:35:00-05:00",
      "day": "2026-09-09",
      "id": "t8",
      "lost_min": 15,
      "dropped": []
    }
  ],
  "days": {
    "2026-09-07": {
      "replans_today": 4,
      "last_plan_hash": "c3d5",
      "loc_changes": [
        [
          "2026-09-07T07:00:00-05:00",
          "lounge"
        ],
        [
          "2026-09-07T14:00:00-05:00",
          "home"
        ]
      ],
      "dropped": [
        "t5"
      ],
      "longest_leak": 14
    },
    "2026-09-08": {
      "replans_today": 2,
      "last_plan_hash": "e5f7",
      "loc_changes": [
        [
          "2026-09-08T07:30:00-05:00",
          "home"
        ]
      ],
      "dropped": [],
      "longest_leak": 25
    },
    "2026-09-09": {
      "replans_today": 0,
      "last_plan_hash": null,
      "loc_changes": [
        [
          "2026-09-09T09:00:00-05:00",
          "lounge"
        ]
      ],
      "dropped": [],
      "longest_leak": 0
    }
  },
  "items": {
    "a3": {
      "stops": 0,
      "extended_min": 0,
      "done_at": [
        "2026-09-07T18:00:00-05:00"
      ],
      "partial_done_at": []
    },
    "t1": {
      "stops": 0,
      "extended_min": 0,
      "done_at": [
        "2026-09-07T08:09:00-05:00"
      ],
      "partial_done_at": []
    },
    "t2": {
      "stops": 0,
      "extended_min": 0,
      "done_at": [
        "2026-09-07T09:08:00-05:00"
      ],
      "partial_done_at": []
    },
    "t3": {
      "stops": 0,
      "extended_min": 60,
      "done_at": [
        "2026-09-08T08:40:00-05:00"
      ],
      "partial_done_at": [
        "2026-09-07T11:50:00-05:00"
      ]
    },
    "t4": {
      "stops": 1,
      "extended_min": 0,
      "done_at": [],
      "partial_done_at": []
    },
    "t5": {
      "stops": 0,
      "extended_min": 0,
      "done_at": [
        "2026-09-07T15:05:00-05:00"
      ],
      "partial_done_at": []
    },
    "t6": {
      "stops": 0,
      "extended_min": 0,
      "done_at": [
        "2026-09-08T10:07:00-05:00"
      ],
      "partial_done_at": []
    },
    "t7": {
      "stops": 0,
      "extended_min": 0,
      "done_at": [
        "2026-09-08T11:00:00-05:00"
      ],
      "partial_done_at": []
    },
    "t8": {
      "stops": 0,
      "extended_min": 0,
      "done_at": [],
      "partial_done_at": [
        "2026-09-09T10:05:00-05:00"
      ]
    }
  }
}
