---
source: tm-core/tests/log_ported_facts.rs
expression: "replay(&corpus(\"review-14d\")).ported_facts()"
---
{
  "closes": [],
  "dropped_items": [],
  "open_interrupt": null,
  "longest_leak": {
    "t": "2026-08-26T12:30:00-05:00",
    "day": "2026-08-26",
    "min": 15
  },
  "interrupts": [
    {
      "start": "2026-08-31T10:00:00-05:00",
      "end": "2026-08-31T10:30:00-05:00",
      "day": "2026-08-31",
      "id": "b06c",
      "lost_min": 30,
      "dropped": [
        "b06z"
      ]
    },
    {
      "start": "2026-09-07T12:10:00-05:00",
      "end": "2026-09-07T13:05:00-05:00",
      "day": "2026-09-07",
      "id": "t3",
      "lost_min": 55,
      "dropped": [
        "t5"
      ]
    }
  ],
  "days": {
    "2026-08-25": {
      "replans_today": 1,
      "last_plan_hash": "p00",
      "loc_changes": [
        [
          "2026-08-25T07:00:00-05:00",
          "lounge"
        ]
      ],
      "dropped": [],
      "longest_leak": 0,
      "routine_min": 30,
      "idle": []
    },
    "2026-08-26": {
      "replans_today": 1,
      "last_plan_hash": "p01",
      "loc_changes": [
        [
          "2026-08-26T07:00:00-05:00",
          "lounge"
        ]
      ],
      "dropped": [],
      "longest_leak": 15,
      "routine_min": 30,
      "idle": [
        {
          "t": "2026-08-26T12:30:00-05:00",
          "day": "2026-08-26",
          "attributed": "leak",
          "min": 15
        }
      ]
    },
    "2026-08-27": {
      "replans_today": 1,
      "last_plan_hash": "p02",
      "loc_changes": [
        [
          "2026-08-27T07:00:00-05:00",
          "home"
        ]
      ],
      "dropped": [],
      "longest_leak": 0,
      "routine_min": 0,
      "idle": []
    },
    "2026-08-28": {
      "replans_today": 2,
      "last_plan_hash": "p03",
      "loc_changes": [
        [
          "2026-08-28T07:00:00-05:00",
          "lounge"
        ]
      ],
      "dropped": [],
      "longest_leak": 0,
      "routine_min": 0,
      "idle": []
    },
    "2026-08-29": {
      "replans_today": 1,
      "last_plan_hash": "p04",
      "loc_changes": [
        [
          "2026-08-29T10:00:00-05:00",
          "home"
        ]
      ],
      "dropped": [],
      "longest_leak": 0,
      "routine_min": 0,
      "idle": []
    },
    "2026-08-30": {
      "replans_today": 0,
      "last_plan_hash": null,
      "loc_changes": [],
      "dropped": [],
      "longest_leak": 0,
      "routine_min": 0,
      "idle": []
    },
    "2026-08-31": {
      "replans_today": 2,
      "last_plan_hash": "p06",
      "loc_changes": [
        [
          "2026-08-31T07:00:00-05:00",
          "lounge"
        ]
      ],
      "dropped": [
        "b06z"
      ],
      "longest_leak": 0,
      "routine_min": 30,
      "idle": []
    },
    "2026-09-01": {
      "replans_today": 1,
      "last_plan_hash": "p07",
      "loc_changes": [
        [
          "2026-09-01T07:00:00-05:00",
          "lounge"
        ]
      ],
      "dropped": [],
      "longest_leak": 0,
      "routine_min": 30,
      "idle": []
    },
    "2026-09-02": {
      "replans_today": 1,
      "last_plan_hash": "p08",
      "loc_changes": [
        [
          "2026-09-02T07:00:00-05:00",
          "lounge"
        ]
      ],
      "dropped": [],
      "longest_leak": 0,
      "routine_min": 0,
      "idle": []
    },
    "2026-09-03": {
      "replans_today": 1,
      "last_plan_hash": "p09",
      "loc_changes": [
        [
          "2026-09-03T07:00:00-05:00",
          "lounge"
        ]
      ],
      "dropped": [],
      "longest_leak": 0,
      "routine_min": 30,
      "idle": []
    },
    "2026-09-04": {
      "replans_today": 1,
      "last_plan_hash": "p10",
      "loc_changes": [
        [
          "2026-09-04T07:00:00-05:00",
          "lounge"
        ]
      ],
      "dropped": [],
      "longest_leak": 0,
      "routine_min": 30,
      "idle": []
    },
    "2026-09-05": {
      "replans_today": 1,
      "last_plan_hash": "p11",
      "loc_changes": [
        [
          "2026-09-05T10:00:00-05:00",
          "lounge"
        ]
      ],
      "dropped": [],
      "longest_leak": 0,
      "routine_min": 0,
      "idle": []
    },
    "2026-09-06": {
      "replans_today": 1,
      "last_plan_hash": "p12",
      "loc_changes": [
        [
          "2026-09-06T09:30:00-05:00",
          "lounge"
        ]
      ],
      "dropped": [],
      "longest_leak": 0,
      "routine_min": 0,
      "idle": []
    },
    "2026-09-07": {
      "replans_today": 4,
      "last_plan_hash": "d41e",
      "loc_changes": [
        [
          "2026-09-07T07:00:00-05:00",
          "lounge"
        ]
      ],
      "dropped": [
        "t5"
      ],
      "longest_leak": 14,
      "routine_min": 30,
      "idle": [
        {
          "t": "2026-09-07T15:06:00-05:00",
          "day": "2026-09-07",
          "attributed": "leak",
          "min": 14
        }
      ]
    }
  },
  "items": {
    "b00a": {
      "stops": 0,
      "extended_min": 0,
      "done_at": [
        "2026-08-25T08:05:00-05:00"
      ],
      "partial_done_at": [],
      "blocks": 1
    },
    "b00b": {
      "stops": 0,
      "extended_min": 0,
      "done_at": [
        "2026-08-25T09:25:00-05:00"
      ],
      "partial_done_at": [],
      "blocks": 1
    },
    "b00c": {
      "stops": 0,
      "extended_min": 0,
      "done_at": [
        "2026-08-25T10:45:00-05:00"
      ],
      "partial_done_at": [],
      "blocks": 1
    },
    "b00d": {
      "stops": 0,
      "extended_min": 0,
      "done_at": [
        "2026-08-25T12:15:00-05:00"
      ],
      "partial_done_at": [],
      "blocks": 1
    },
    "b01a": {
      "stops": 0,
      "extended_min": 0,
      "done_at": [
        "2026-08-26T08:05:00-05:00"
      ],
      "partial_done_at": [],
      "blocks": 1
    },
    "b01b": {
      "stops": 0,
      "extended_min": 0,
      "done_at": [
        "2026-08-26T09:25:00-05:00"
      ],
      "partial_done_at": [],
      "blocks": 1
    },
    "b01c": {
      "stops": 0,
      "extended_min": 0,
      "done_at": [
        "2026-08-26T10:45:00-05:00"
      ],
      "partial_done_at": [],
      "blocks": 1
    },
    "b01d": {
      "stops": 0,
      "extended_min": 0,
      "done_at": [
        "2026-08-26T12:15:00-05:00"
      ],
      "partial_done_at": [],
      "blocks": 1
    },
    "b02a": {
      "stops": 0,
      "extended_min": 0,
      "done_at": [
        "2026-08-27T08:05:00-05:00"
      ],
      "partial_done_at": [],
      "blocks": 1
    },
    "b02b": {
      "stops": 0,
      "extended_min": 0,
      "done_at": [
        "2026-08-27T09:30:00-05:00"
      ],
      "partial_done_at": [],
      "blocks": 1
    },
    "b02c": {
      "stops": 0,
      "extended_min": 0,
      "done_at": [
        "2026-08-27T10:30:00-05:00"
      ],
      "partial_done_at": [],
      "blocks": 1
    },
    "b03a": {
      "stops": 0,
      "extended_min": 0,
      "done_at": [
        "2026-08-28T08:05:00-05:00"
      ],
      "partial_done_at": [],
      "blocks": 1
    },
    "b03b": {
      "stops": 0,
      "extended_min": 0,
      "done_at": [
        "2026-08-28T09:25:00-05:00"
      ],
      "partial_done_at": [],
      "blocks": 1
    },
    "b03c": {
      "stops": 0,
      "extended_min": 0,
      "done_at": [
        "2026-08-28T10:25:00-05:00"
      ],
      "partial_done_at": [],
      "blocks": 1
    },
    "b04a": {
      "stops": 0,
      "extended_min": 0,
      "done_at": [
        "2026-08-29T11:05:00-05:00"
      ],
      "partial_done_at": [],
      "blocks": 1
    },
    "b04b": {
      "stops": 0,
      "extended_min": 0,
      "done_at": [
        "2026-08-29T12:25:00-05:00"
      ],
      "partial_done_at": [],
      "blocks": 1
    },
    "b06a": {
      "stops": 0,
      "extended_min": 0,
      "done_at": [
        "2026-08-31T08:05:00-05:00"
      ],
      "partial_done_at": [],
      "blocks": 1
    },
    "b06b": {
      "stops": 0,
      "extended_min": 0,
      "done_at": [
        "2026-08-31T09:25:00-05:00"
      ],
      "partial_done_at": [],
      "blocks": 1
    },
    "b06c": {
      "stops": 0,
      "extended_min": 0,
      "done_at": [
        "2026-08-31T11:15:00-05:00"
      ],
      "partial_done_at": [],
      "blocks": 1
    },
    "b06d": {
      "stops": 0,
      "extended_min": 0,
      "done_at": [
        "2026-08-31T12:45:00-05:00"
      ],
      "partial_done_at": [],
      "blocks": 1
    },
    "b07a": {
      "stops": 0,
      "extended_min": 0,
      "done_at": [
        "2026-09-01T08:05:00-05:00"
      ],
      "partial_done_at": [],
      "blocks": 1
    },
    "b07b": {
      "stops": 0,
      "extended_min": 0,
      "done_at": [
        "2026-09-01T09:25:00-05:00"
      ],
      "partial_done_at": [],
      "blocks": 1
    },
    "b07c": {
      "stops": 0,
      "extended_min": 0,
      "done_at": [
        "2026-09-01T10:45:00-05:00"
      ],
      "partial_done_at": [],
      "blocks": 1
    },
    "b07d": {
      "stops": 0,
      "extended_min": 0,
      "done_at": [
        "2026-09-01T12:15:00-05:00"
      ],
      "partial_done_at": [],
      "blocks": 1
    },
    "b08a": {
      "stops": 0,
      "extended_min": 0,
      "done_at": [
        "2026-09-02T08:05:00-05:00"
      ],
      "partial_done_at": [],
      "blocks": 1
    },
    "b08b": {
      "stops": 0,
      "extended_min": 0,
      "done_at": [
        "2026-09-02T09:25:00-05:00"
      ],
      "partial_done_at": [],
      "blocks": 1
    },
    "b08c": {
      "stops": 0,
      "extended_min": 0,
      "done_at": [
        "2026-09-02T10:45:00-05:00"
      ],
      "partial_done_at": [],
      "blocks": 1
    },
    "b08d": {
      "stops": 0,
      "extended_min": 0,
      "done_at": [
        "2026-09-02T12:30:00-05:00"
      ],
      "partial_done_at": [],
      "blocks": 1
    },
    "b09a": {
      "stops": 0,
      "extended_min": 0,
      "done_at": [
        "2026-09-03T08:05:00-05:00"
      ],
      "partial_done_at": [],
      "blocks": 1
    },
    "b09b": {
      "stops": 0,
      "extended_min": 0,
      "done_at": [
        "2026-09-03T09:25:00-05:00"
      ],
      "partial_done_at": [],
      "blocks": 1
    },
    "b09c": {
      "stops": 0,
      "extended_min": 0,
      "done_at": [
        "2026-09-03T10:45:00-05:00"
      ],
      "partial_done_at": [],
      "blocks": 1
    },
    "b09d": {
      "stops": 0,
      "extended_min": 0,
      "done_at": [
        "2026-09-03T12:15:00-05:00"
      ],
      "partial_done_at": [],
      "blocks": 1
    },
    "b10a": {
      "stops": 0,
      "extended_min": 0,
      "done_at": [
        "2026-09-04T08:05:00-05:00"
      ],
      "partial_done_at": [],
      "blocks": 1
    },
    "b10b": {
      "stops": 0,
      "extended_min": 0,
      "done_at": [
        "2026-09-04T09:25:00-05:00"
      ],
      "partial_done_at": [],
      "blocks": 1
    },
    "b10c": {
      "stops": 0,
      "extended_min": 0,
      "done_at": [
        "2026-09-04T10:45:00-05:00"
      ],
      "partial_done_at": [],
      "blocks": 1
    },
    "b10d": {
      "stops": 0,
      "extended_min": 0,
      "done_at": [
        "2026-09-04T12:15:00-05:00"
      ],
      "partial_done_at": [],
      "blocks": 1
    },
    "b11a": {
      "stops": 0,
      "extended_min": 0,
      "done_at": [
        "2026-09-05T11:05:00-05:00"
      ],
      "partial_done_at": [],
      "blocks": 1
    },
    "b11b": {
      "stops": 0,
      "extended_min": 0,
      "done_at": [
        "2026-09-05T12:25:00-05:00"
      ],
      "partial_done_at": [],
      "blocks": 1
    },
    "b12a": {
      "stops": 0,
      "extended_min": 0,
      "done_at": [
        "2026-09-06T10:35:00-05:00"
      ],
      "partial_done_at": [],
      "blocks": 1
    },
    "b12b": {
      "stops": 0,
      "extended_min": 0,
      "done_at": [
        "2026-09-06T11:55:00-05:00"
      ],
      "partial_done_at": [],
      "blocks": 1
    },
    "p1": {
      "stops": 0,
      "extended_min": 0,
      "done_at": [
        "2026-09-07T15:26:00-05:00"
      ],
      "partial_done_at": [],
      "blocks": 1
    },
    "t1": {
      "stops": 0,
      "extended_min": 0,
      "done_at": [
        "2026-09-07T08:09:00-05:00"
      ],
      "partial_done_at": [],
      "blocks": 1
    },
    "t2": {
      "stops": 0,
      "extended_min": 0,
      "done_at": [
        "2026-09-07T09:31:00-05:00"
      ],
      "partial_done_at": [],
      "blocks": 1
    },
    "t3": {
      "stops": 0,
      "extended_min": 0,
      "done_at": [
        "2026-09-07T13:32:00-05:00"
      ],
      "partial_done_at": [],
      "blocks": 1
    },
    "t4": {
      "stops": 0,
      "extended_min": 0,
      "done_at": [
        "2026-09-07T14:52:00-05:00"
      ],
      "partial_done_at": [],
      "blocks": 1
    }
  }
}
