---
source: tm-core/tests/log_ported_facts.rs
expression: f
---
{
  "closes": [
    {
      "t": "2026-01-01T23:30:00-06:00",
      "period": "day",
      "key": "2026-01-01"
    },
    {
      "t": "2026-01-02T23:30:00-06:00",
      "period": "day",
      "key": "2026-01-02"
    },
    {
      "t": "2026-01-03T23:30:00-06:00",
      "period": "day",
      "key": "2026-01-03"
    },
    {
      "t": "2026-01-04T23:30:00-06:00",
      "period": "day",
      "key": "2026-01-04"
    },
    {
      "t": "2026-01-04T23:32:00-06:00",
      "period": "week",
      "key": "2026-W37"
    },
    {
      "t": "2026-01-05T23:30:00-06:00",
      "period": "day",
      "key": "2026-01-05"
    },
    {
      "t": "2026-01-06T23:30:00-06:00",
      "period": "day",
      "key": "2026-01-06"
    },
    {
      "t": "2026-01-07T23:30:00-06:00",
      "period": "day",
      "key": "2026-01-07"
    },
    {
      "t": "2026-01-08T23:30:00-06:00",
      "period": "day",
      "key": "2026-01-08"
    },
    {
      "t": "2026-01-09T23:30:00-06:00",
      "period": "day",
      "key": "2026-01-09"
    },
    {
      "t": "2026-01-10T23:30:00-06:00",
      "period": "day",
      "key": "2026-01-10"
    },
    {
      "t": "2026-01-11T23:30:00-06:00",
      "period": "day",
      "key": "2026-01-11"
    },
    {
      "t": "2026-01-11T23:32:00-06:00",
      "period": "week",
      "key": "2026-W37"
    },
    {
      "t": "2026-01-12T23:30:00-06:00",
      "period": "day",
      "key": "2026-01-12"
    },
    {
      "t": "2026-01-13T23:30:00-06:00",
      "period": "day",
      "key": "2026-01-13"
    },
    {
      "t": "2026-01-14T23:30:00-06:00",
      "period": "day",
      "key": "2026-01-14"
    },
    {
      "t": "2026-01-15T23:30:00-06:00",
      "period": "day",
      "key": "2026-01-15"
    },
    {
      "t": "2026-01-16T23:30:00-06:00",
      "period": "day",
      "key": "2026-01-16"
    },
    {
      "t": "2026-01-17T23:30:00-06:00",
      "period": "day",
      "key": "2026-01-17"
    },
    {
      "t": "2026-01-18T23:30:00-06:00",
      "period": "day",
      "key": "2026-01-18"
    },
    {
      "t": "2026-01-18T23:32:00-06:00",
      "period": "week",
      "key": "2026-W37"
    },
    {
      "t": "2026-01-19T23:30:00-06:00",
      "period": "day",
      "key": "2026-01-19"
    },
    {
      "t": "2026-01-20T23:30:00-06:00",
      "period": "day",
      "key": "2026-01-20"
    },
    {
      "t": "2026-01-21T23:30:00-06:00",
      "period": "day",
      "key": "2026-01-21"
    },
    {
      "t": "2026-01-22T23:30:00-06:00",
      "period": "day",
      "key": "2026-01-22"
    },
    {
      "t": "2026-01-23T23:30:00-06:00",
      "period": "day",
      "key": "2026-01-23"
    },
    {
      "t": "2026-01-24T23:30:00-06:00",
      "period": "day",
      "key": "2026-01-24"
    },
    {
      "t": "2026-01-25T23:30:00-06:00",
      "period": "day",
      "key": "2026-01-25"
    },
    {
      "t": "2026-01-25T23:32:00-06:00",
      "period": "week",
      "key": "2026-W37"
    },
    {
      "t": "2026-01-26T23:30:00-06:00",
      "period": "day",
      "key": "2026-01-26"
    },
    {
      "t": "2026-01-27T23:30:00-06:00",
      "period": "day",
      "key": "2026-01-27"
    },
    {
      "t": "2026-01-28T23:30:00-06:00",
      "period": "day",
      "key": "2026-01-28"
    },
    {
      "t": "2026-01-29T23:30:00-06:00",
      "period": "day",
      "key": "2026-01-29"
    },
    {
      "t": "2026-01-30T23:30:00-06:00",
      "period": "day",
      "key": "2026-01-30"
    }
  ],
  "dropped_items": [
    "319",
    "68"
  ],
  "open_interrupt": null,
  "longest_leak": {
    "t": "2026-01-20T12:53:00-06:00",
    "day": "2026-01-20",
    "min": 39
  },
  "interrupts": [
    {
      "start": "2026-01-01T07:22:00-06:00",
      "end": "2026-01-01T07:37:00-06:00",
      "day": "2026-01-01",
      "id": "667",
      "lost_min": 15,
      "dropped": []
    },
    {
      "start": "2026-01-01T13:27:00-06:00",
      "end": "2026-01-01T13:42:00-06:00",
      "day": "2026-01-01",
      "id": "452",
      "lost_min": 15,
      "dropped": []
    },
    {
      "start": "2026-01-02T07:22:00-06:00",
      "end": "2026-01-02T07:37:00-06:00",
      "day": "2026-01-02",
      "id": "826",
      "lost_min": 15,
      "dropped": []
    },
    {
      "start": "2026-01-02T08:29:00-06:00",
      "end": "2026-01-02T08:44:00-06:00",
      "day": "2026-01-02",
      "id": "470",
      "lost_min": 15,
      "dropped": []
    },
    {
      "start": "2026-01-02T12:32:00-06:00",
      "end": "2026-01-02T12:47:00-06:00",
      "day": "2026-01-02",
      "id": "808",
      "lost_min": 15,
      "dropped": []
    },
    {
      "start": "2026-01-02T13:24:00-06:00",
      "end": "2026-01-02T13:39:00-06:00",
      "day": "2026-01-02",
      "id": "12",
      "lost_min": 15,
      "dropped": []
    },
    {
      "start": "2026-01-06T14:23:00-06:00",
      "end": "2026-01-06T14:38:00-06:00",
      "day": "2026-01-06",
      "id": "675",
      "lost_min": 15,
      "dropped": []
    },
    {
      "start": "2026-01-08T10:31:00-06:00",
      "end": "2026-01-08T10:46:00-06:00",
      "day": "2026-01-08",
      "id": "110",
      "lost_min": 15,
      "dropped": []
    },
    {
      "start": "2026-01-09T10:49:00-06:00",
      "end": "2026-01-09T10:59:00-06:00",
      "day": "2026-01-09",
      "id": "507",
      "lost_min": 15,
      "dropped": []
    },
    {
      "start": "2026-01-10T09:22:00-06:00",
      "end": "2026-01-10T09:37:00-06:00",
      "day": "2026-01-10",
      "id": "301",
      "lost_min": 15,
      "dropped": []
    },
    {
      "start": "2026-01-12T11:20:00-06:00",
      "end": "2026-01-12T11:35:00-06:00",
      "day": "2026-01-12",
      "id": "148",
      "lost_min": 15,
      "dropped": []
    },
    {
      "start": "2026-01-13T12:40:00-06:00",
      "end": "2026-01-13T12:55:00-06:00",
      "day": "2026-01-13",
      "id": "98",
      "lost_min": 15,
      "dropped": []
    },
    {
      "start": "2026-01-15T12:06:00-06:00",
      "end": "2026-01-15T12:21:00-06:00",
      "day": "2026-01-15",
      "id": "473",
      "lost_min": 15,
      "dropped": []
    },
    {
      "start": "2026-01-16T08:32:00-06:00",
      "end": "2026-01-16T08:47:00-06:00",
      "day": "2026-01-16",
      "id": "117",
      "lost_min": 15,
      "dropped": []
    },
    {
      "start": "2026-01-16T12:33:00-06:00",
      "end": "2026-01-16T12:48:00-06:00",
      "day": "2026-01-16",
      "id": "22",
      "lost_min": 15,
      "dropped": []
    },
    {
      "start": "2026-01-20T11:56:00-06:00",
      "end": "2026-01-20T11:59:00-06:00",
      "day": "2026-01-20",
      "id": "485",
      "lost_min": 15,
      "dropped": []
    },
    {
      "start": "2026-01-21T09:40:00-06:00",
      "end": "2026-01-21T09:55:00-06:00",
      "day": "2026-01-21",
      "id": "227",
      "lost_min": 15,
      "dropped": []
    },
    {
      "start": "2026-01-21T12:21:00-06:00",
      "end": "2026-01-21T12:36:00-06:00",
      "day": "2026-01-21",
      "id": "674",
      "lost_min": 15,
      "dropped": []
    },
    {
      "start": "2026-01-22T09:32:00-06:00",
      "end": "2026-01-22T09:47:00-06:00",
      "day": "2026-01-22",
      "id": "510",
      "lost_min": 15,
      "dropped": []
    },
    {
      "start": "2026-01-25T09:22:00-06:00",
      "end": "2026-01-25T09:37:00-06:00",
      "day": "2026-01-25",
      "id": "364",
      "lost_min": 15,
      "dropped": []
    },
    {
      "start": "2026-01-26T09:29:00-06:00",
      "end": "2026-01-26T09:44:00-06:00",
      "day": "2026-01-26",
      "id": "262",
      "lost_min": 15,
      "dropped": []
    },
    {
      "start": "2026-01-27T10:41:00-06:00",
      "end": "2026-01-27T10:56:00-06:00",
      "day": "2026-01-27",
      "id": "827",
      "lost_min": 15,
      "dropped": []
    },
    {
      "start": "2026-01-29T07:22:00-06:00",
      "end": "2026-01-29T07:37:00-06:00",
      "day": "2026-01-29",
      "id": "548",
      "lost_min": 15,
      "dropped": []
    }
  ],
  "days": {
    "2026-01-01": {
      "replans_today": 8,
      "last_plan_hash": "a91c2439d5ab8b4d",
      "loc_changes": [
        [
          "2026-01-01T07:00:00-06:00",
          "home"
        ]
      ],
      "dropped": [],
      "longest_leak": 0,
      "routine_min": 59,
      "idle": []
    },
    "2026-01-02": {
      "replans_today": 8,
      "last_plan_hash": "43a08f0617420e94",
      "loc_changes": [
        [
          "2026-01-02T07:00:00-06:00",
          "lounge"
        ]
      ],
      "dropped": [],
      "longest_leak": 0,
      "routine_min": 50,
      "idle": []
    },
    "2026-01-03": {
      "replans_today": 3,
      "last_plan_hash": "fa6672cd4fc9e918",
      "loc_changes": [
        [
          "2026-01-03T09:00:00-06:00",
          "home"
        ]
      ],
      "dropped": [],
      "longest_leak": 14,
      "routine_min": 71,
      "idle": [
        {
          "t": "2026-01-03T12:31:00-06:00",
          "day": "2026-01-03",
          "attributed": "work",
          "min": 18
        },
        {
          "t": "2026-01-03T12:31:00-06:00",
          "day": "2026-01-03",
          "attributed": "leak",
          "min": 14
        }
      ]
    },
    "2026-01-04": {
      "replans_today": 3,
      "last_plan_hash": "5534a034e8009d90",
      "loc_changes": [
        [
          "2026-01-04T09:00:00-06:00",
          "lounge"
        ]
      ],
      "dropped": [],
      "longest_leak": 23,
      "routine_min": 43,
      "idle": [
        {
          "t": "2026-01-04T12:08:00-06:00",
          "day": "2026-01-04",
          "attributed": "leak",
          "min": 23
        },
        {
          "t": "2026-01-04T12:08:00-06:00",
          "day": "2026-01-04",
          "attributed": "work",
          "min": 37
        }
      ]
    },
    "2026-01-05": {
      "replans_today": 7,
      "last_plan_hash": "faf20ac0292322d3",
      "loc_changes": [
        [
          "2026-01-05T07:00:00-06:00",
          "lounge"
        ]
      ],
      "dropped": [],
      "longest_leak": 16,
      "routine_min": 44,
      "idle": [
        {
          "t": "2026-01-05T14:31:00-06:00",
          "day": "2026-01-05",
          "attributed": "leak",
          "min": 16
        }
      ]
    },
    "2026-01-06": {
      "replans_today": 7,
      "last_plan_hash": "8299ed6e811c8fa7",
      "loc_changes": [
        [
          "2026-01-06T07:00:00-06:00",
          "lounge"
        ]
      ],
      "dropped": [],
      "longest_leak": 0,
      "routine_min": 20,
      "idle": []
    },
    "2026-01-07": {
      "replans_today": 8,
      "last_plan_hash": "b73c30c80c647801",
      "loc_changes": [
        [
          "2026-01-07T07:00:00-06:00",
          "lounge"
        ]
      ],
      "dropped": [],
      "longest_leak": 25,
      "routine_min": 66,
      "idle": [
        {
          "t": "2026-01-07T16:14:00-06:00",
          "day": "2026-01-07",
          "attributed": "leak",
          "min": 25
        },
        {
          "t": "2026-01-07T16:14:00-06:00",
          "day": "2026-01-07",
          "attributed": "break",
          "min": 36
        },
        {
          "t": "2026-01-07T16:14:00-06:00",
          "day": "2026-01-07",
          "attributed": "leak",
          "min": 23
        }
      ]
    },
    "2026-01-08": {
      "replans_today": 5,
      "last_plan_hash": "041f8d71831ef5c3",
      "loc_changes": [
        [
          "2026-01-08T07:00:00-06:00",
          "lounge"
        ]
      ],
      "dropped": [],
      "longest_leak": 0,
      "routine_min": 62,
      "idle": [
        {
          "t": "2026-01-08T12:47:00-06:00",
          "day": "2026-01-08",
          "attributed": "break",
          "min": 13
        },
        {
          "t": "2026-01-08T12:47:00-06:00",
          "day": "2026-01-08",
          "attributed": "work",
          "min": 20
        }
      ]
    },
    "2026-01-09": {
      "replans_today": 8,
      "last_plan_hash": "26da053ee551550e",
      "loc_changes": [
        [
          "2026-01-09T07:00:00-06:00",
          "lounge"
        ]
      ],
      "dropped": [],
      "longest_leak": 0,
      "routine_min": 24,
      "idle": [
        {
          "t": "2026-01-09T16:19:00-06:00",
          "day": "2026-01-09",
          "attributed": "work",
          "min": 12
        }
      ]
    },
    "2026-01-10": {
      "replans_today": 2,
      "last_plan_hash": "6329cfd3606de4eb",
      "loc_changes": [
        [
          "2026-01-10T09:00:00-06:00",
          "home"
        ]
      ],
      "dropped": [],
      "longest_leak": 0,
      "routine_min": 40,
      "idle": [
        {
          "t": "2026-01-10T11:24:00-06:00",
          "day": "2026-01-10",
          "attributed": "work",
          "min": 17
        },
        {
          "t": "2026-01-10T11:24:00-06:00",
          "day": "2026-01-10",
          "attributed": "break",
          "min": 38
        }
      ]
    },
    "2026-01-11": {
      "replans_today": 3,
      "last_plan_hash": "f73c9a825ef4078e",
      "loc_changes": [
        [
          "2026-01-11T09:00:00-06:00",
          "home"
        ]
      ],
      "dropped": [],
      "longest_leak": 0,
      "routine_min": 27,
      "idle": []
    },
    "2026-01-12": {
      "replans_today": 7,
      "last_plan_hash": "9780ff208aa62560",
      "loc_changes": [
        [
          "2026-01-12T07:00:00-06:00",
          "lounge"
        ]
      ],
      "dropped": [],
      "longest_leak": 0,
      "routine_min": 49,
      "idle": [
        {
          "t": "2026-01-12T15:48:00-06:00",
          "day": "2026-01-12",
          "attributed": "break",
          "min": 25
        },
        {
          "t": "2026-01-12T15:48:00-06:00",
          "day": "2026-01-12",
          "attributed": "break",
          "min": 38
        },
        {
          "t": "2026-01-12T15:48:00-06:00",
          "day": "2026-01-12",
          "attributed": "break",
          "min": 28
        }
      ]
    },
    "2026-01-13": {
      "replans_today": 7,
      "last_plan_hash": "fa7a2cf05ddd479a",
      "loc_changes": [
        [
          "2026-01-13T07:00:00-06:00",
          "lounge"
        ]
      ],
      "dropped": [],
      "longest_leak": 0,
      "routine_min": 72,
      "idle": [
        {
          "t": "2026-01-13T15:49:00-06:00",
          "day": "2026-01-13",
          "attributed": "break",
          "min": 17
        },
        {
          "t": "2026-01-13T15:49:00-06:00",
          "day": "2026-01-13",
          "attributed": "break",
          "min": 21
        },
        {
          "t": "2026-01-13T15:49:00-06:00",
          "day": "2026-01-13",
          "attributed": "break",
          "min": 18
        }
      ]
    },
    "2026-01-14": {
      "replans_today": 5,
      "last_plan_hash": "a85353b10759fc0e",
      "loc_changes": [
        [
          "2026-01-14T07:00:00-06:00",
          "lounge"
        ]
      ],
      "dropped": [],
      "longest_leak": 0,
      "routine_min": 40,
      "idle": []
    },
    "2026-01-15": {
      "replans_today": 8,
      "last_plan_hash": "56b2fc0fe3ffedb6",
      "loc_changes": [
        [
          "2026-01-15T07:00:00-06:00",
          "lounge"
        ]
      ],
      "dropped": [],
      "longest_leak": 0,
      "routine_min": 49,
      "idle": [
        {
          "t": "2026-01-15T16:00:00-06:00",
          "day": "2026-01-15",
          "attributed": "break",
          "min": 18
        },
        {
          "t": "2026-01-15T16:00:00-06:00",
          "day": "2026-01-15",
          "attributed": "work",
          "min": 14
        }
      ]
    },
    "2026-01-16": {
      "replans_today": 5,
      "last_plan_hash": "d8593f6fb1632468",
      "loc_changes": [
        [
          "2026-01-16T07:00:00-06:00",
          "lounge"
        ]
      ],
      "dropped": [],
      "longest_leak": 0,
      "routine_min": 88,
      "idle": [
        {
          "t": "2026-01-16T13:00:00-06:00",
          "day": "2026-01-16",
          "attributed": "break",
          "min": 31
        }
      ]
    },
    "2026-01-17": {
      "replans_today": 3,
      "last_plan_hash": "41ee1761e5d1bb2c",
      "loc_changes": [
        [
          "2026-01-17T09:00:00-06:00",
          "lounge"
        ]
      ],
      "dropped": [],
      "longest_leak": 0,
      "routine_min": 71,
      "idle": [
        {
          "t": "2026-01-17T12:16:00-06:00",
          "day": "2026-01-17",
          "attributed": "break",
          "min": 21
        }
      ]
    },
    "2026-01-18": {
      "replans_today": 3,
      "last_plan_hash": "f093490842553c17",
      "loc_changes": [
        [
          "2026-01-18T09:00:00-06:00",
          "lounge"
        ]
      ],
      "dropped": [],
      "longest_leak": 0,
      "routine_min": 27,
      "idle": [
        {
          "t": "2026-01-18T12:40:00-06:00",
          "day": "2026-01-18",
          "attributed": "work",
          "min": 39
        }
      ]
    },
    "2026-01-19": {
      "replans_today": 5,
      "last_plan_hash": "1dbd03e2a9d6587c",
      "loc_changes": [
        [
          "2026-01-19T07:00:00-06:00",
          "lounge"
        ]
      ],
      "dropped": [],
      "longest_leak": 27,
      "routine_min": 81,
      "idle": [
        {
          "t": "2026-01-19T12:52:00-06:00",
          "day": "2026-01-19",
          "attributed": "work",
          "min": 30
        },
        {
          "t": "2026-01-19T12:52:00-06:00",
          "day": "2026-01-19",
          "attributed": "leak",
          "min": 27
        }
      ]
    },
    "2026-01-20": {
      "replans_today": 5,
      "last_plan_hash": "c0d908d1d9209a91",
      "loc_changes": [
        [
          "2026-01-20T07:00:00-06:00",
          "lounge"
        ]
      ],
      "dropped": [],
      "longest_leak": 39,
      "routine_min": 52,
      "idle": [
        {
          "t": "2026-01-20T12:53:00-06:00",
          "day": "2026-01-20",
          "attributed": "break",
          "min": 16
        },
        {
          "t": "2026-01-20T12:53:00-06:00",
          "day": "2026-01-20",
          "attributed": "work",
          "min": 38
        },
        {
          "t": "2026-01-20T12:53:00-06:00",
          "day": "2026-01-20",
          "attributed": "leak",
          "min": 39
        }
      ]
    },
    "2026-01-21": {
      "replans_today": 7,
      "last_plan_hash": "329d5334f30b8ddf",
      "loc_changes": [
        [
          "2026-01-21T07:00:00-06:00",
          "lounge"
        ]
      ],
      "dropped": [],
      "longest_leak": 0,
      "routine_min": 33,
      "idle": []
    },
    "2026-01-22": {
      "replans_today": 6,
      "last_plan_hash": "442f246871b058b1",
      "loc_changes": [
        [
          "2026-01-22T07:00:00-06:00",
          "lounge"
        ]
      ],
      "dropped": [],
      "longest_leak": 13,
      "routine_min": 65,
      "idle": [
        {
          "t": "2026-01-22T14:07:00-06:00",
          "day": "2026-01-22",
          "attributed": "work",
          "min": 34
        },
        {
          "t": "2026-01-22T14:07:00-06:00",
          "day": "2026-01-22",
          "attributed": "leak",
          "min": 13
        },
        {
          "t": "2026-01-22T14:07:00-06:00",
          "day": "2026-01-22",
          "attributed": "break",
          "min": 15
        }
      ]
    },
    "2026-01-23": {
      "replans_today": 5,
      "last_plan_hash": "b4408c87a5bf96d9",
      "loc_changes": [
        [
          "2026-01-23T07:00:00-06:00",
          "lounge"
        ]
      ],
      "dropped": [],
      "longest_leak": 0,
      "routine_min": 55,
      "idle": [
        {
          "t": "2026-01-23T13:23:00-06:00",
          "day": "2026-01-23",
          "attributed": "work",
          "min": 15
        }
      ]
    },
    "2026-01-24": {
      "replans_today": 2,
      "last_plan_hash": "bc6a1a1f13923cd5",
      "loc_changes": [
        [
          "2026-01-24T09:00:00-06:00",
          "home"
        ]
      ],
      "dropped": [],
      "longest_leak": 0,
      "routine_min": 57,
      "idle": []
    },
    "2026-01-25": {
      "replans_today": 4,
      "last_plan_hash": "f9208bddc26f655b",
      "loc_changes": [
        [
          "2026-01-25T09:00:00-06:00",
          "home"
        ]
      ],
      "dropped": [],
      "longest_leak": 29,
      "routine_min": 112,
      "idle": [
        {
          "t": "2026-01-25T13:26:00-06:00",
          "day": "2026-01-25",
          "attributed": "leak",
          "min": 14
        },
        {
          "t": "2026-01-25T13:26:00-06:00",
          "day": "2026-01-25",
          "attributed": "leak",
          "min": 29
        },
        {
          "t": "2026-01-25T13:26:00-06:00",
          "day": "2026-01-25",
          "attributed": "break",
          "min": 38
        }
      ]
    },
    "2026-01-26": {
      "replans_today": 6,
      "last_plan_hash": "16e887d3e7a6b16a",
      "loc_changes": [
        [
          "2026-01-26T07:00:00-06:00",
          "lounge"
        ]
      ],
      "dropped": [],
      "longest_leak": 0,
      "routine_min": 75,
      "idle": []
    },
    "2026-01-27": {
      "replans_today": 6,
      "last_plan_hash": "42d5b04d233f91d5",
      "loc_changes": [
        [
          "2026-01-27T07:00:00-06:00",
          "home"
        ]
      ],
      "dropped": [],
      "longest_leak": 25,
      "routine_min": 44,
      "idle": [
        {
          "t": "2026-01-27T14:12:00-06:00",
          "day": "2026-01-27",
          "attributed": "leak",
          "min": 17
        },
        {
          "t": "2026-01-27T14:12:00-06:00",
          "day": "2026-01-27",
          "attributed": "leak",
          "min": 25
        }
      ]
    },
    "2026-01-28": {
      "replans_today": 8,
      "last_plan_hash": "07bcf81276359d4d",
      "loc_changes": [
        [
          "2026-01-28T07:00:00-06:00",
          "home"
        ]
      ],
      "dropped": [],
      "longest_leak": 15,
      "routine_min": 100,
      "idle": [
        {
          "t": "2026-01-28T16:40:00-06:00",
          "day": "2026-01-28",
          "attributed": "leak",
          "min": 15
        },
        {
          "t": "2026-01-28T16:40:00-06:00",
          "day": "2026-01-28",
          "attributed": "break",
          "min": 14
        }
      ]
    },
    "2026-01-29": {
      "replans_today": 7,
      "last_plan_hash": "4d40644553c75c95",
      "loc_changes": [
        [
          "2026-01-29T07:00:00-06:00",
          "lounge"
        ]
      ],
      "dropped": [],
      "longest_leak": 32,
      "routine_min": 67,
      "idle": [
        {
          "t": "2026-01-29T15:32:00-06:00",
          "day": "2026-01-29",
          "attributed": "break",
          "min": 40
        },
        {
          "t": "2026-01-29T15:32:00-06:00",
          "day": "2026-01-29",
          "attributed": "leak",
          "min": 17
        },
        {
          "t": "2026-01-29T15:32:00-06:00",
          "day": "2026-01-29",
          "attributed": "leak",
          "min": 32
        }
      ]
    },
    "2026-01-30": {
      "replans_today": 6,
      "last_plan_hash": "bf8033900a34a2ef",
      "loc_changes": [
        [
          "2026-01-30T07:00:00-06:00",
          "home"
        ]
      ],
      "dropped": [],
      "longest_leak": 13,
      "routine_min": 48,
      "idle": [
        {
          "t": "2026-01-30T15:11:00-06:00",
          "day": "2026-01-30",
          "attributed": "leak",
          "min": 13
        }
      ]
    }
  },
  "items": {
    "10": {
      "stops": 0,
      "extended_min": 0,
      "done_at": [],
      "partial_done_at": [
        "2026-01-19T10:04:00-06:00"
      ],
      "blocks": 1
    },
    "103": {
      "stops": 0,
      "extended_min": 0,
      "done_at": [
        "2026-01-13T09:24:00-06:00"
      ],
      "partial_done_at": [],
      "blocks": 1
    },
    "109": {
      "stops": 0,
      "extended_min": 0,
      "done_at": [
        "2026-01-02T15:44:00-06:00"
      ],
      "partial_done_at": [],
      "blocks": 1
    },
    "110": {
      "stops": 0,
      "extended_min": 0,
      "done_at": [
        "2026-01-08T11:15:00-06:00"
      ],
      "partial_done_at": [],
      "blocks": 1
    },
    "117": {
      "stops": 0,
      "extended_min": 0,
      "done_at": [
        "2026-01-16T09:04:00-06:00"
      ],
      "partial_done_at": [],
      "blocks": 1
    },
    "12": {
      "stops": 0,
      "extended_min": 0,
      "done_at": [],
      "partial_done_at": [
        "2026-01-02T14:01:00-06:00"
      ],
      "blocks": 1
    },
    "129": {
      "stops": 0,
      "extended_min": 0,
      "done_at": [],
      "partial_done_at": [
        "2026-01-05T07:59:00-06:00"
      ],
      "blocks": 1
    },
    "148": {
      "stops": 0,
      "extended_min": 30,
      "done_at": [],
      "partial_done_at": [
        "2026-01-12T12:12:00-06:00"
      ],
      "blocks": 1
    },
    "154": {
      "stops": 0,
      "extended_min": 0,
      "done_at": [
        "2026-01-03T09:44:00-06:00"
      ],
      "partial_done_at": [],
      "blocks": 1
    },
    "156": {
      "stops": 0,
      "extended_min": 30,
      "done_at": [
        "2026-01-23T10:36:00-06:00"
      ],
      "partial_done_at": [],
      "blocks": 1
    },
    "166": {
      "stops": 0,
      "extended_min": 30,
      "done_at": [
        "2026-01-26T11:16:00-06:00"
      ],
      "partial_done_at": [],
      "blocks": 1
    },
    "167": {
      "stops": 0,
      "extended_min": 0,
      "done_at": [
        "2026-01-28T13:30:00-06:00"
      ],
      "partial_done_at": [],
      "blocks": 1
    },
    "168": {
      "stops": 0,
      "extended_min": 0,
      "done_at": [],
      "partial_done_at": [
        "2026-01-29T08:45:00-06:00"
      ],
      "blocks": 1
    },
    "17": {
      "stops": 0,
      "extended_min": 0,
      "done_at": [],
      "partial_done_at": [
        "2026-01-27T12:40:00-06:00"
      ],
      "blocks": 1
    },
    "174": {
      "stops": 0,
      "extended_min": 0,
      "done_at": [],
      "partial_done_at": [
        "2026-01-21T15:05:00-06:00"
      ],
      "blocks": 1
    },
    "180": {
      "stops": 0,
      "extended_min": 30,
      "done_at": [
        "2026-01-12T13:30:00-06:00"
      ],
      "partial_done_at": [],
      "blocks": 1
    },
    "188": {
      "stops": 0,
      "extended_min": 0,
      "done_at": [
        "2026-01-06T13:35:00-06:00"
      ],
      "partial_done_at": [],
      "blocks": 1
    },
    "190": {
      "stops": 1,
      "extended_min": 0,
      "done_at": [],
      "partial_done_at": [],
      "blocks": 0
    },
    "191": {
      "stops": 0,
      "extended_min": 0,
      "done_at": [],
      "partial_done_at": [
        "2026-01-15T14:41:00-06:00"
      ],
      "blocks": 1
    },
    "197": {
      "stops": 0,
      "extended_min": 0,
      "done_at": [],
      "partial_done_at": [
        "2026-01-08T10:01:00-06:00"
      ],
      "blocks": 1
    },
    "203": {
      "stops": 1,
      "extended_min": 0,
      "done_at": [],
      "partial_done_at": [],
      "blocks": 0
    },
    "22": {
      "stops": 0,
      "extended_min": 0,
      "done_at": [
        "2026-01-16T12:54:00-06:00"
      ],
      "partial_done_at": [],
      "blocks": 1
    },
    "227": {
      "stops": 0,
      "extended_min": 0,
      "done_at": [],
      "partial_done_at": [
        "2026-01-21T10:34:00-06:00"
      ],
      "blocks": 1
    },
    "230": {
      "stops": 0,
      "extended_min": 0,
      "done_at": [
        "2026-01-22T13:40:00-06:00"
      ],
      "partial_done_at": [],
      "blocks": 1
    },
    "249": {
      "stops": 0,
      "extended_min": 30,
      "done_at": [
        "2026-01-08T12:39:00-06:00"
      ],
      "partial_done_at": [],
      "blocks": 1
    },
    "25": {
      "stops": 0,
      "extended_min": 0,
      "done_at": [
        "2026-01-26T07:55:00-06:00"
      ],
      "partial_done_at": [],
      "blocks": 1
    },
    "255": {
      "stops": 0,
      "extended_min": 0,
      "done_at": [
        "2026-01-26T12:25:00-06:00"
      ],
      "partial_done_at": [],
      "blocks": 1
    },
    "258": {
      "stops": 0,
      "extended_min": 0,
      "done_at": [],
      "partial_done_at": [
        "2026-01-25T11:06:00-06:00"
      ],
      "blocks": 1
    },
    "262": {
      "stops": 0,
      "extended_min": 0,
      "done_at": [
        "2026-01-26T10:08:00-06:00"
      ],
      "partial_done_at": [],
      "blocks": 1
    },
    "267": {
      "stops": 0,
      "extended_min": 0,
      "done_at": [],
      "partial_done_at": [
        "2026-01-15T11:15:00-06:00"
      ],
      "blocks": 1
    },
    "277": {
      "stops": 0,
      "extended_min": 30,
      "done_at": [],
      "partial_done_at": [
        "2026-01-13T11:50:00-06:00"
      ],
      "blocks": 1
    },
    "278": {
      "stops": 0,
      "extended_min": 0,
      "done_at": [],
      "partial_done_at": [
        "2026-01-23T08:14:00-06:00"
      ],
      "blocks": 1
    },
    "281": {
      "stops": 0,
      "extended_min": 0,
      "done_at": [],
      "partial_done_at": [
        "2026-01-24T11:25:00-06:00"
      ],
      "blocks": 1
    },
    "295": {
      "stops": 0,
      "extended_min": 0,
      "done_at": [],
      "partial_done_at": [
        "2026-01-07T07:46:00-06:00"
      ],
      "blocks": 1
    },
    "301": {
      "stops": 1,
      "extended_min": 30,
      "done_at": [],
      "partial_done_at": [],
      "blocks": 0
    },
    "307": {
      "stops": 0,
      "extended_min": 0,
      "done_at": [],
      "partial_done_at": [
        "2026-01-01T10:44:00-06:00"
      ],
      "blocks": 1
    },
    "316": {
      "stops": 0,
      "extended_min": 0,
      "done_at": [
        "2026-01-23T08:59:00-06:00"
      ],
      "partial_done_at": [],
      "blocks": 1
    },
    "318": {
      "stops": 0,
      "extended_min": 0,
      "done_at": [
        "2026-01-30T10:53:00-06:00"
      ],
      "partial_done_at": [],
      "blocks": 1
    },
    "342": {
      "stops": 0,
      "extended_min": 30,
      "done_at": [],
      "partial_done_at": [
        "2026-01-17T09:57:00-06:00"
      ],
      "blocks": 1
    },
    "353": {
      "stops": 0,
      "extended_min": 0,
      "done_at": [
        "2026-01-21T13:58:00-06:00"
      ],
      "partial_done_at": [],
      "blocks": 1
    },
    "356": {
      "stops": 0,
      "extended_min": 30,
      "done_at": [
        "2026-01-11T10:06:00-06:00"
      ],
      "partial_done_at": [],
      "blocks": 1
    },
    "361": {
      "stops": 0,
      "extended_min": 30,
      "done_at": [
        "2026-01-30T12:07:00-06:00"
      ],
      "partial_done_at": [],
      "blocks": 1
    },
    "364": {
      "stops": 0,
      "extended_min": 0,
      "done_at": [],
      "partial_done_at": [
        "2026-01-25T10:04:00-06:00",
        "2026-01-27T07:50:00-06:00"
      ],
      "blocks": 2
    },
    "368": {
      "stops": 0,
      "extended_min": 0,
      "done_at": [],
      "partial_done_at": [
        "2026-01-01T13:04:00-06:00"
      ],
      "blocks": 1
    },
    "376": {
      "stops": 1,
      "extended_min": 0,
      "done_at": [],
      "partial_done_at": [
        "2026-01-20T11:08:00-06:00"
      ],
      "blocks": 1
    },
    "382": {
      "stops": 0,
      "extended_min": 30,
      "done_at": [],
      "partial_done_at": [
        "2026-01-04T10:51:00-06:00",
        "2026-01-05T13:11:00-06:00",
        "2026-01-06T07:54:00-06:00"
      ],
      "blocks": 3
    },
    "390": {
      "stops": 0,
      "extended_min": 0,
      "done_at": [
        "2026-01-15T08:52:00-06:00"
      ],
      "partial_done_at": [
        "2026-01-13T14:06:00-06:00"
      ],
      "blocks": 2
    },
    "391": {
      "stops": 0,
      "extended_min": 0,
      "done_at": [
        "2026-01-20T08:38:00-06:00"
      ],
      "partial_done_at": [],
      "blocks": 1
    },
    "392": {
      "stops": 0,
      "extended_min": 0,
      "done_at": [
        "2026-01-25T12:21:00-06:00"
      ],
      "partial_done_at": [],
      "blocks": 1
    },
    "403": {
      "stops": 0,
      "extended_min": 0,
      "done_at": [
        "2026-01-20T07:46:00-06:00"
      ],
      "partial_done_at": [],
      "blocks": 1
    },
    "429": {
      "stops": 0,
      "extended_min": 0,
      "done_at": [
        "2026-01-14T10:14:00-06:00"
      ],
      "partial_done_at": [],
      "blocks": 1
    },
    "433": {
      "stops": 0,
      "extended_min": 0,
      "done_at": [
        "2026-01-08T08:42:00-06:00"
      ],
      "partial_done_at": [
        "2026-01-14T11:19:00-06:00"
      ],
      "blocks": 2
    },
    "446": {
      "stops": 0,
      "extended_min": 0,
      "done_at": [
        "2026-01-09T13:42:00-06:00"
      ],
      "partial_done_at": [],
      "blocks": 1
    },
    "452": {
      "stops": 0,
      "extended_min": 0,
      "done_at": [],
      "partial_done_at": [
        "2026-01-01T14:08:00-06:00"
      ],
      "blocks": 1
    },
    "454": {
      "stops": 0,
      "extended_min": 0,
      "done_at": [
        "2026-01-02T10:43:00-06:00"
      ],
      "partial_done_at": [],
      "blocks": 1
    },
    "458": {
      "stops": 0,
      "extended_min": 30,
      "done_at": [],
      "partial_done_at": [
        "2026-01-24T10:10:00-06:00"
      ],
      "blocks": 1
    },
    "470": {
      "stops": 0,
      "extended_min": 0,
      "done_at": [],
      "partial_done_at": [
        "2026-01-02T09:23:00-06:00"
      ],
      "blocks": 1
    },
    "473": {
      "stops": 1,
      "extended_min": 0,
      "done_at": [],
      "partial_done_at": [],
      "blocks": 0
    },
    "48": {
      "stops": 0,
      "extended_min": 0,
      "done_at": [],
      "partial_done_at": [
        "2026-01-09T14:47:00-06:00"
      ],
      "blocks": 1
    },
    "485": {
      "stops": 1,
      "extended_min": 0,
      "done_at": [],
      "partial_done_at": [],
      "blocks": 0
    },
    "486": {
      "stops": 0,
      "extended_min": 0,
      "done_at": [
        "2026-01-01T11:47:00-06:00"
      ],
      "partial_done_at": [],
      "blocks": 1
    },
    "487": {
      "stops": 0,
      "extended_min": 0,
      "done_at": [
        "2026-01-05T14:30:00-06:00"
      ],
      "partial_done_at": [],
      "blocks": 1
    },
    "488": {
      "stops": 0,
      "extended_min": 0,
      "done_at": [],
      "partial_done_at": [],
      "blocks": 0
    },
    "5": {
      "stops": 0,
      "extended_min": 0,
      "done_at": [
        "2026-01-08T07:48:00-06:00"
      ],
      "partial_done_at": [],
      "blocks": 1
    },
    "50": {
      "stops": 0,
      "extended_min": 0,
      "done_at": [
        "2026-01-19T12:43:00-06:00"
      ],
      "partial_done_at": [],
      "blocks": 1
    },
    "507": {
      "stops": 0,
      "extended_min": 0,
      "done_at": [
        "2026-01-09T11:37:00-06:00"
      ],
      "partial_done_at": [],
      "blocks": 1
    },
    "508": {
      "stops": 1,
      "extended_min": 0,
      "done_at": [],
      "partial_done_at": [],
      "blocks": 0
    },
    "51": {
      "stops": 0,
      "extended_min": 30,
      "done_at": [
        "2026-01-04T12:02:00-06:00"
      ],
      "partial_done_at": [],
      "blocks": 1
    },
    "510": {
      "stops": 0,
      "extended_min": 0,
      "done_at": [
        "2026-01-22T09:56:00-06:00"
      ],
      "partial_done_at": [],
      "blocks": 1
    },
    "515": {
      "stops": 0,
      "extended_min": 0,
      "done_at": [],
      "partial_done_at": [],
      "blocks": 0
    },
    "524": {
      "stops": 0,
      "extended_min": 0,
      "done_at": [],
      "partial_done_at": [
        "2026-01-30T08:17:00-06:00"
      ],
      "blocks": 1
    },
    "526": {
      "stops": 0,
      "extended_min": 0,
      "done_at": [],
      "partial_done_at": [
        "2026-01-28T16:13:00-06:00"
      ],
      "blocks": 1
    },
    "531": {
      "stops": 0,
      "extended_min": 0,
      "done_at": [
        "2026-01-01T16:14:00-06:00"
      ],
      "partial_done_at": [],
      "blocks": 1
    },
    "534": {
      "stops": 0,
      "extended_min": 0,
      "done_at": [
        "2026-01-06T12:23:00-06:00"
      ],
      "partial_done_at": [],
      "blocks": 1
    },
    "539": {
      "stops": 1,
      "extended_min": 0,
      "done_at": [],
      "partial_done_at": [],
      "blocks": 0
    },
    "540": {
      "stops": 0,
      "extended_min": 30,
      "done_at": [
        "2026-01-09T08:11:00-06:00"
      ],
      "partial_done_at": [],
      "blocks": 1
    },
    "544": {
      "stops": 1,
      "extended_min": 0,
      "done_at": [],
      "partial_done_at": [],
      "blocks": 0
    },
    "548": {
      "stops": 0,
      "extended_min": 0,
      "done_at": [
        "2026-01-29T07:45:00-06:00"
      ],
      "partial_done_at": [],
      "blocks": 1
    },
    "550": {
      "stops": 0,
      "extended_min": 30,
      "done_at": [],
      "partial_done_at": [
        "2026-01-18T09:43:00-06:00"
      ],
      "blocks": 1
    },
    "556": {
      "stops": 0,
      "extended_min": 0,
      "done_at": [],
      "partial_done_at": [
        "2026-01-29T12:42:00-06:00"
      ],
      "blocks": 1
    },
    "565": {
      "stops": 0,
      "extended_min": 0,
      "done_at": [
        "2026-01-05T08:48:00-06:00"
      ],
      "partial_done_at": [],
      "blocks": 1
    },
    "566": {
      "stops": 0,
      "extended_min": 0,
      "done_at": [
        "2026-01-30T13:35:00-06:00"
      ],
      "partial_done_at": [],
      "blocks": 1
    },
    "569": {
      "stops": 0,
      "extended_min": 0,
      "done_at": [],
      "partial_done_at": [
        "2026-01-12T15:45:00-06:00"
      ],
      "blocks": 1
    },
    "570": {
      "stops": 0,
      "extended_min": 0,
      "done_at": [
        "2026-01-20T09:56:00-06:00"
      ],
      "partial_done_at": [
        "2026-01-21T07:45:00-06:00"
      ],
      "blocks": 2
    },
    "571": {
      "stops": 0,
      "extended_min": 0,
      "done_at": [
        "2026-01-01T09:22:00-06:00"
      ],
      "partial_done_at": [
        "2026-01-15T13:15:00-06:00"
      ],
      "blocks": 2
    },
    "572": {
      "stops": 0,
      "extended_min": 30,
      "done_at": [
        "2026-01-03T11:05:00-06:00"
      ],
      "partial_done_at": [],
      "blocks": 1
    },
    "578": {
      "stops": 1,
      "extended_min": 0,
      "done_at": [],
      "partial_done_at": [],
      "blocks": 0
    },
    "583": {
      "stops": 0,
      "extended_min": 30,
      "done_at": [],
      "partial_done_at": [
        "2026-01-29T15:24:00-06:00"
      ],
      "blocks": 1
    },
    "589": {
      "stops": 0,
      "extended_min": 0,
      "done_at": [
        "2026-01-10T10:53:00-06:00"
      ],
      "partial_done_at": [],
      "blocks": 1
    },
    "59": {
      "stops": 0,
      "extended_min": 0,
      "done_at": [
        "2026-01-27T10:20:00-06:00"
      ],
      "partial_done_at": [],
      "blocks": 1
    },
    "592": {
      "stops": 0,
      "extended_min": 0,
      "done_at": [],
      "partial_done_at": [],
      "blocks": 0
    },
    "601": {
      "stops": 1,
      "extended_min": 0,
      "done_at": [],
      "partial_done_at": [],
      "blocks": 0
    },
    "604": {
      "stops": 0,
      "extended_min": 0,
      "done_at": [
        "2026-01-12T08:12:00-06:00"
      ],
      "partial_done_at": [],
      "blocks": 1
    },
    "614": {
      "stops": 1,
      "extended_min": 0,
      "done_at": [],
      "partial_done_at": [],
      "blocks": 0
    },
    "615": {
      "stops": 0,
      "extended_min": 0,
      "done_at": [],
      "partial_done_at": [
        "2026-01-03T12:24:00-06:00"
      ],
      "blocks": 1
    },
    "616": {
      "stops": 0,
      "extended_min": 0,
      "done_at": [
        "2026-01-07T14:43:00-06:00"
      ],
      "partial_done_at": [],
      "blocks": 1
    },
    "625": {
      "stops": 0,
      "extended_min": 0,
      "done_at": [],
      "partial_done_at": [
        "2026-01-13T10:45:00-06:00"
      ],
      "blocks": 1
    },
    "628": {
      "stops": 0,
      "extended_min": 0,
      "done_at": [],
      "partial_done_at": [
        "2026-01-14T09:04:00-06:00"
      ],
      "blocks": 1
    },
    "633": {
      "stops": 0,
      "extended_min": 30,
      "done_at": [
        "2026-01-29T11:09:00-06:00"
      ],
      "partial_done_at": [],
      "blocks": 1
    },
    "637": {
      "stops": 1,
      "extended_min": 0,
      "done_at": [],
      "partial_done_at": [],
      "blocks": 0
    },
    "64": {
      "stops": 0,
      "extended_min": 0,
      "done_at": [],
      "partial_done_at": [
        "2026-01-07T12:07:00-06:00"
      ],
      "blocks": 1
    },
    "653": {
      "stops": 0,
      "extended_min": 0,
      "done_at": [
        "2026-01-09T12:42:00-06:00"
      ],
      "partial_done_at": [],
      "blocks": 1
    },
    "655": {
      "stops": 0,
      "extended_min": 0,
      "done_at": [],
      "partial_done_at": [
        "2026-01-07T10:03:00-06:00"
      ],
      "blocks": 1
    },
    "659": {
      "stops": 0,
      "extended_min": 0,
      "done_at": [],
      "partial_done_at": [
        "2026-01-28T08:55:00-06:00"
      ],
      "blocks": 1
    },
    "667": {
      "stops": 1,
      "extended_min": 0,
      "done_at": [],
      "partial_done_at": [],
      "blocks": 0
    },
    "674": {
      "stops": 0,
      "extended_min": 0,
      "done_at": [],
      "partial_done_at": [
        "2026-01-21T12:59:00-06:00"
      ],
      "blocks": 1
    },
    "675": {
      "stops": 0,
      "extended_min": 0,
      "done_at": [
        "2026-01-06T15:15:00-06:00"
      ],
      "partial_done_at": [],
      "blocks": 1
    },
    "677": {
      "stops": 0,
      "extended_min": 0,
      "done_at": [
        "2026-01-02T11:49:00-06:00"
      ],
      "partial_done_at": [],
      "blocks": 1
    },
    "687": {
      "stops": 0,
      "extended_min": 0,
      "done_at": [],
      "partial_done_at": [
        "2026-01-02T16:50:00-06:00"
      ],
      "blocks": 1
    },
    "695": {
      "stops": 0,
      "extended_min": 0,
      "done_at": [],
      "partial_done_at": [
        "2026-01-23T11:44:00-06:00"
      ],
      "blocks": 1
    },
    "705": {
      "stops": 1,
      "extended_min": 30,
      "done_at": [],
      "partial_done_at": [],
      "blocks": 0
    },
    "712": {
      "stops": 0,
      "extended_min": 0,
      "done_at": [
        "2026-01-15T10:17:00-06:00"
      ],
      "partial_done_at": [],
      "blocks": 1
    },
    "717": {
      "stops": 0,
      "extended_min": 0,
      "done_at": [
        "2026-01-25T13:02:00-06:00"
      ],
      "partial_done_at": [],
      "blocks": 1
    },
    "722": {
      "stops": 0,
      "extended_min": 0,
      "done_at": [],
      "partial_done_at": [
        "2026-01-09T09:22:00-06:00"
      ],
      "blocks": 1
    },
    "737": {
      "stops": 0,
      "extended_min": 0,
      "done_at": [],
      "partial_done_at": [
        "2026-01-21T11:38:00-06:00"
      ],
      "blocks": 1
    },
    "739": {
      "stops": 1,
      "extended_min": 0,
      "done_at": [
        "2026-01-16T10:41:00-06:00"
      ],
      "partial_done_at": [],
      "blocks": 1
    },
    "74": {
      "stops": 0,
      "extended_min": 0,
      "done_at": [],
      "partial_done_at": [
        "2026-01-12T14:33:00-06:00"
      ],
      "blocks": 1
    },
    "741": {
      "stops": 0,
      "extended_min": 0,
      "done_at": [
        "2026-01-16T08:08:00-06:00"
      ],
      "partial_done_at": [],
      "blocks": 1
    },
    "755": {
      "stops": 0,
      "extended_min": 30,
      "done_at": [],
      "partial_done_at": [
        "2026-01-07T15:47:00-06:00"
      ],
      "blocks": 1
    },
    "760": {
      "stops": 0,
      "extended_min": 0,
      "done_at": [
        "2026-01-07T13:02:00-06:00"
      ],
      "partial_done_at": [],
      "blocks": 1
    },
    "764": {
      "stops": 0,
      "extended_min": 0,
      "done_at": [
        "2026-01-06T11:13:00-06:00"
      ],
      "partial_done_at": [],
      "blocks": 1
    },
    "766": {
      "stops": 0,
      "extended_min": 0,
      "done_at": [],
      "partial_done_at": [
        "2026-01-28T10:22:00-06:00"
      ],
      "blocks": 1
    },
    "782": {
      "stops": 0,
      "extended_min": 0,
      "done_at": [],
      "partial_done_at": [
        "2026-01-18T12:38:00-06:00"
      ],
      "blocks": 1
    },
    "786": {
      "stops": 0,
      "extended_min": 0,
      "done_at": [
        "2026-01-28T11:27:00-06:00"
      ],
      "partial_done_at": [],
      "blocks": 1
    },
    "787": {
      "stops": 1,
      "extended_min": 0,
      "done_at": [],
      "partial_done_at": [],
      "blocks": 0
    },
    "791": {
      "stops": 0,
      "extended_min": 0,
      "done_at": [],
      "partial_done_at": [],
      "blocks": 0
    },
    "797": {
      "stops": 0,
      "extended_min": 0,
      "done_at": [
        "2026-01-12T09:18:00-06:00"
      ],
      "partial_done_at": [],
      "blocks": 1
    },
    "8": {
      "stops": 0,
      "extended_min": 0,
      "done_at": [
        "2026-01-26T08:40:00-06:00"
      ],
      "partial_done_at": [],
      "blocks": 1
    },
    "807": {
      "stops": 1,
      "extended_min": 30,
      "done_at": [],
      "partial_done_at": [],
      "blocks": 0
    },
    "808": {
      "stops": 0,
      "extended_min": 0,
      "done_at": [
        "2026-01-02T12:57:00-06:00"
      ],
      "partial_done_at": [],
      "blocks": 1
    },
    "82": {
      "stops": 0,
      "extended_min": 30,
      "done_at": [
        "2026-01-05T12:08:00-06:00"
      ],
      "partial_done_at": [],
      "blocks": 1
    },
    "822": {
      "stops": 0,
      "extended_min": 0,
      "done_at": [
        "2026-01-29T13:45:00-06:00"
      ],
      "partial_done_at": [],
      "blocks": 1
    },
    "824": {
      "stops": 0,
      "extended_min": 0,
      "done_at": [
        "2026-01-12T10:56:00-06:00"
      ],
      "partial_done_at": [],
      "blocks": 1
    },
    "826": {
      "stops": 0,
      "extended_min": 30,
      "done_at": [
        "2026-01-02T08:04:00-06:00"
      ],
      "partial_done_at": [],
      "blocks": 1
    },
    "827": {
      "stops": 0,
      "extended_min": 0,
      "done_at": [],
      "partial_done_at": [
        "2026-01-19T07:45:00-06:00",
        "2026-01-27T11:07:00-06:00"
      ],
      "blocks": 2
    },
    "831": {
      "stops": 1,
      "extended_min": 0,
      "done_at": [],
      "partial_done_at": [],
      "blocks": 0
    },
    "835": {
      "stops": 0,
      "extended_min": 0,
      "done_at": [],
      "partial_done_at": [
        "2026-01-13T08:02:00-06:00"
      ],
      "blocks": 1
    },
    "839": {
      "stops": 1,
      "extended_min": 0,
      "done_at": [],
      "partial_done_at": [],
      "blocks": 0
    },
    "842": {
      "stops": 0,
      "extended_min": 0,
      "done_at": [],
      "partial_done_at": [
        "2026-01-30T14:43:00-06:00"
      ],
      "blocks": 1
    },
    "844": {
      "stops": 0,
      "extended_min": 0,
      "done_at": [
        "2026-01-21T08:51:00-06:00"
      ],
      "partial_done_at": [],
      "blocks": 1
    },
    "846": {
      "stops": 0,
      "extended_min": 0,
      "done_at": [],
      "partial_done_at": [
        "2026-01-13T15:45:00-06:00"
      ],
      "blocks": 1
    },
    "849": {
      "stops": 0,
      "extended_min": 0,
      "done_at": [
        "2026-01-01T15:30:00-06:00"
      ],
      "partial_done_at": [],
      "blocks": 1
    },
    "854": {
      "stops": 0,
      "extended_min": 0,
      "done_at": [],
      "partial_done_at": [
        "2026-01-27T13:42:00-06:00"
      ],
      "blocks": 1
    },
    "862": {
      "stops": 0,
      "extended_min": 0,
      "done_at": [],
      "partial_done_at": [
        "2026-01-22T08:09:00-06:00"
      ],
      "blocks": 1
    },
    "865": {
      "stops": 0,
      "extended_min": 0,
      "done_at": [],
      "partial_done_at": [
        "2026-01-15T07:59:00-06:00"
      ],
      "blocks": 1
    },
    "876": {
      "stops": 0,
      "extended_min": 0,
      "done_at": [
        "2026-01-29T10:00:00-06:00"
      ],
      "partial_done_at": [],
      "blocks": 1
    },
    "88": {
      "stops": 0,
      "extended_min": 0,
      "done_at": [
        "2026-01-28T12:42:00-06:00"
      ],
      "partial_done_at": [],
      "blocks": 1
    },
    "884": {
      "stops": 0,
      "extended_min": 0,
      "done_at": [
        "2026-01-19T08:51:00-06:00"
      ],
      "partial_done_at": [],
      "blocks": 1
    },
    "891": {
      "stops": 1,
      "extended_min": 0,
      "done_at": [],
      "partial_done_at": [],
      "blocks": 0
    },
    "894": {
      "stops": 0,
      "extended_min": 0,
      "done_at": [
        "2026-01-17T10:59:00-06:00"
      ],
      "partial_done_at": [],
      "blocks": 1
    },
    "898": {
      "stops": 0,
      "extended_min": 0,
      "done_at": [
        "2026-01-06T08:41:00-06:00"
      ],
      "partial_done_at": [
        "2026-01-04T09:43:00-06:00"
      ],
      "blocks": 2
    },
    "900": {
      "stops": 0,
      "extended_min": 30,
      "done_at": [
        "2026-01-19T11:16:00-06:00",
        "2026-01-22T12:39:00-06:00"
      ],
      "partial_done_at": [],
      "blocks": 2
    },
    "98": {
      "stops": 0,
      "extended_min": 30,
      "done_at": [
        "2026-01-13T13:08:00-06:00"
      ],
      "partial_done_at": [
        "2026-01-28T07:48:00-06:00"
      ],
      "blocks": 2
    }
  }
}
