---
source: tm-core/tests/log_serde.rs
expression: back
---
{"t":"2026-09-07T06:05:00-05:00","ev":"wake","slept_min":490}
{"t":"2026-09-07T07:00:00-05:00","ev":"arrive","loc":"lounge","window":["07:00","15:00"],"budget":6}
{"t":"2026-09-07T07:00:00-05:00","ev":"plan","hash":"a91f","replans_today":0,"drift_min":0}
{"t":"2026-09-07T07:02:00-05:00","ev":"start","id":"t1","pred":5,"rep":5,"hsw":0.95,"slept_min":490,"loc":"lounge","blocks_done":0,"since_break_min":0}
{"t":"2026-09-07T08:09:00-05:00","ev":"done","id":"t1","est_min":60,"actual_min":67,"went":1,"tags":["lean"],"ci":5}
{"t":"2026-09-07T08:10:00-05:00","ev":"start","id":"t2","pred":5,"rep":5,"hsw":2.08,"slept_min":490,"loc":"lounge","blocks_done":1,"since_break_min":67}
{"t":"2026-09-07T09:08:00-05:00","ev":"done","id":"t2","est_min":60,"actual_min":58,"went":1,"tags":["lean"],"ci":5}
{"t":"2026-09-07T09:08:00-05:00","ev":"break","planned_min":20,"actual_min":24,"where":"walk"}
{"t":"2026-09-07T09:32:00-05:00","ev":"energy","pred":5,"rep":4,"hsw":3.45,"loc":"lounge"}
{"t":"2026-09-07T09:32:00-05:00","ev":"start","id":"t3","pred":5,"rep":4,"hsw":3.45,"slept_min":490,"loc":"lounge","blocks_done":2,"since_break_min":0}
{"t":"2026-09-07T09:33:00-05:00","ev":"plan","hash":"b2c4","replans_today":1,"drift_min":10}
{"t":"2026-09-07T11:20:00-05:00","ev":"extend","id":"t3","by_min":60}
{"t":"2026-09-07T11:50:00-05:00","ev":"done","id":"t3","est_min":120,"actual_min":138,"went":2,"tags":["lean"],"ci":4,"partial":true}
{"t":"2026-09-07T11:50:00-05:00","ev":"routine","item":"lunch","inst":"2026-09-07","status":"done","actual_min":30}
{"t":"2026-09-07T12:00:00-05:00","ev":"start","id":"t4","pred":4,"hsw":5.92,"slept_min":490,"loc":"lounge","blocks_done":3,"since_break_min":148}
{"t":"2026-09-07T12:10:00-05:00","ev":"interrupt","id":"t4"}
{"t":"2026-09-07T13:05:00-05:00","ev":"resume","lost_min":55,"dropped":["t5"]}
{"t":"2026-09-07T13:20:00-05:00","ev":"pause","id":"t4"}
{"t":"2026-09-07T13:30:00-05:00","ev":"unpause","id":"t4"}
{"t":"2026-09-07T13:50:00-05:00","ev":"stop","id":"t4","remaining_min":30}
{"t":"2026-09-07T14:00:00-05:00","ev":"loc","loc":"home"}
{"t":"2026-09-07T14:05:00-05:00","ev":"start","id":"t5","pred":3,"rep":3,"hsw":8.0,"slept_min":490,"loc":"home","blocks_done":3,"since_break_min":45}
{"t":"2026-09-07T15:05:00-05:00","ev":"done","id":"t5","est_min":60,"actual_min":60,"went":1,"tags":["soundcode"],"ci":3}
{"t":"2026-09-07T15:40:00-05:00","ev":"idle","attributed":"leak","min":14}
{"t":"2026-09-07T16:10:00-05:00","ev":"routine","item":"package","inst":"2026-09-07","status":"done","actual_min":18}
{"t":"2026-09-07T16:30:00-05:00","ev":"skip","item":"workout","inst":"2026-09-07"}
{"t":"2026-09-07T17:00:00-05:00","ev":"event","name":"reply","id":"a4"}
{"t":"2026-09-07T17:30:00-05:00","ev":"note","text":"tired after the call"}
{"t":"2026-09-07T18:00:00-05:00","ev":"done","id":"a3","est_min":20,"actual_min":0,"tags":[],"ci":1}
{"t":"2026-09-08T02:30:00+00:00","ev":"plan","hash":"c3d5","replans_today":4,"drift_min":65}
{"t":"2026-09-07T21:35:00-05:00","ev":"close","period":"day","key":"2026-09-07"}
{"t":"2026-09-08T06:40:00-05:00","ev":"wake","slept_min":400,"onset_min":35}
{"t":"2026-09-08T07:30:00-05:00","ev":"arrive","loc":"home","window":["07:30","15:30"],"budget":6}
{"t":"2026-09-08T07:30:00-05:00","ev":"plan","hash":"d4e6","replans_today":0,"drift_min":0}
{"t":"2026-09-08T07:35:00-05:00","ev":"start","id":"t3","pred":4,"rep":3,"hsw":0.92,"slept_min":400,"loc":"home","blocks_done":0,"since_break_min":0}
{"t":"2026-09-08T08:40:00-05:00","ev":"done","id":"t3","est_min":60,"actual_min":65,"went":3,"tags":["lean"],"ci":4}
{"t":"2026-09-08T08:45:00-05:00","ev":"break","planned_min":20}
{"t":"2026-09-08T09:05:00-05:00","ev":"start","id":"t6","pred":4,"rep":4,"hsw":2.42,"slept_min":400,"loc":"home","blocks_done":1,"since_break_min":0}
{"t":"2026-09-08T10:05:00-05:00","ev":"done","id":"t6","est_min":60,"actual_min":60,"went":1,"tags":["soundcode"],"ci":3}
{"t":"2026-09-08T10:06:00-05:00","ev":"undo","of":"done","id":"t6"}
{"t":"2026-09-08T10:07:00-05:00","ev":"done","id":"t6","est_min":60,"actual_min":62,"went":1,"tags":["soundcode"],"ci":3}
{"t":"2026-09-08T10:10:00-05:00","ev":"idle","attributed":"work","min":3}
{"t":"2026-09-08T10:15:00-05:00","ev":"start","id":"t7","pred":4,"hsw":3.58,"slept_min":400,"loc":"home","blocks_done":2,"since_break_min":70}
{"t":"2026-09-08T10:30:00-05:00","ev":"skip","item":"laundry","inst":"2026-09-08"}
{"t":"2026-09-08T10:31:00-05:00","ev":"undo","of":"skip","id":"laundry"}
{"t":"2026-09-08T10:45:00-05:00","ev":"stop","id":"t7","remaining_min":30}
{"t":"2026-09-08T10:46:00-05:00","ev":"undo","of":"stop","id":"t7"}
{"t":"2026-09-08T11:00:00-05:00","ev":"done","id":"t7","est_min":60,"actual_min":45,"went":2,"tags":[],"ci":3}
{"t":"2026-09-08T11:00:00-05:00","ev":"routine","item":"shower","inst":"#3","status":"done","actual_min":15}
{"t":"2026-09-08T11:30:00-05:00","ev":"routine","item":"laundry","inst":"2026-09-07","status":"missed"}
{"t":"2026-09-08T11:30:00-05:00","ev":"routine","item":"breakfast","inst":"2026-09-08","status":"expired"}
{"t":"2026-09-08T12:00:00-05:00","ev":"idle","attributed":"leak","min":25}
{"t":"2026-09-08T12:30:00-05:00","ev":"idle","attributed":"leak","min":12}
{"t":"2026-09-08T13:00:00-05:00","ev":"mood","level":3,"note":"meh"}
{"t":"2026-09-08T14:00:00-05:00","ev":"demote","id":"m2","from":"2026-W37","to":"2026-09","est_min":180}
{"t":"2026-09-08T14:00:00-05:00","ev":"readopt","id":"m9"}
{"t":"2026-09-08T14:01:00-05:00","ev":"move","id":"a1","from":"backlog","to":"week/2026-W37"}
{"t":"2026-09-08T14:02:00-05:00","ev":"drop","id":"a5"}
{"t":"2026-09-08T14:02:30-05:00","ev":"undo","of":"drop","id":"a5"}
{"t":"2026-09-08T14:03:00-05:00","ev":"edit","id":"t8","field":"est","from":"2b","to":"1b"}
{"t":"2026-09-08T14:05:00-05:00","ev":"event","name":"visa"}
{"t":"2026-09-08T14:10:00-05:00","ev":"undo","of":"event"}
{"t":"2026-09-08T14:10:00-05:00","ev":"energy","pred":3,"rep":2,"hsw":7.5,"loc":"home"}
{"t":"2026-09-08T15:00:00-05:00","ev":"plan","hash":"e5f7","replans_today":2,"drift_min":30}
{"t":"2026-09-09T00:10:00-05:00","ev":"close","period":"day","key":"2026-09-08"}
{"t":"2026-09-09T09:00:00-05:00","ev":"arrive","loc":"lounge","window":["09:00","17:00"],"budget":6}
{"t":"2026-09-09T09:01:00-05:00","ev":"note","text":"late, no wake logged"}
{"t":"2026-09-09T09:02:00-05:00","ev":"undo","of":"note"}
{"t":"2026-09-09T09:05:00-05:00","ev":"start","id":"t8","pred":5,"rep":5,"hsw":0.0,"slept_min":0,"loc":"lounge","blocks_done":0,"since_break_min":0}
{"t":"2026-09-09T10:05:00-05:00","ev":"done","id":"t8","est_min":60,"actual_min":60,"went":1,"tags":["lean"],"ci":5,"partial":true}
{"t":"2026-09-09T10:05:00-05:00","ev":"start","id":"t8","pred":5,"rep":4,"hsw":0.0,"slept_min":0,"loc":"lounge","blocks_done":1,"since_break_min":60}
{"t":"2026-09-09T10:20:00-05:00","ev":"interrupt"}
{"t":"2026-09-09T10:35:00-05:00","ev":"resume","lost_min":15,"dropped":[]}
{"t":"2026-09-09T10:50:00-05:00","ev":"pause","id":"t8"}
