---
source: tm-core/tests/planner_dynamics.rs
expression: week.grid
---
day          tot     5     4     3     2     1     0
Mon 09-07   6h40    3h  2h50   50m     ·     ·     ·
Tue 09-08     6h    3h    3h     ·     ·     ·     ·
Wed 09-09     6h    3h    3h     ·     ·     ·     ·
Thu 09-10     6h    3h    3h     ·     ·     ·     ·
Fri 09-11     6h    3h    3h     ·     ·     ·     ·
Sat 09-12     6h    1h    3h    1h    1h     ·     ·
Sun 09-13     6h     ·     ·    4h    2h     ·     ·
total      42h40   16h 17h50  5h50    3h     ·     ·
