---
source: tm-core/tests/review_week.rs
expression: render_week(&review())
---
 Week 2026-W36 · 24 blocks / 25 · load 1008.0 · planned 8.0b · honesty 0.40
 milestone hit m1 · demoted m2 m4
 blocks    Mon 4 · Tue 4 · Wed 4 · Thu 4 · Fri 4 · Sat 2 · Sun 2
 heat      7 days × 24h · block 24h · break 4h · routine 2h · interrupt 30m
 lounge    85% · streak 7 · wake 06 0.90 (10) · wake 08 0.67 (3)
 mix       ci5 6h · ci4 6h · ci3 6h · ci2 6h · ≥4 50%
 breaks    planned 4h · actual 4h · over 0 · seat 6 (2h) · walk 6 (2h)
 sleep     Mon 8h (4b) · Tue 8h (4b) · Wed 8h (4b) · Thu 6h40m (4b) · Fri 8h (4b) · Sat 8h40m (2b) · Sun 8h20m (2b)
 latency   Mon 55/5 · Tue 55/5 · Wed 55/5 · Thu 55/5 · Fri 55/5 · Sat 90/5 · Sun 90/5
 energy    MAE Mon 0.2 · Tue 0.0 · Wed 0.2 · Thu 0.8 · Fri 0.0 · Sat 0.0 · Sun 0.5
 estimates admin ×0.88 (n=13)   lean ×1.19 (n=12)   soundcode ×1 (n=11)
 curve     home prior 3 4 4 4 3 3 3 3 2 2 2 2 · learned -
 curve     lounge prior 4 5 5 5 5 4 4 4 3 3 2 2 · learned -
 churn     m9 (W34,W35,W36) · m4 (W35,W36) · m8 (W35,W36) · carry in 1b · out 5b
