---
source: tm-core/tests/review_write.rs
expression: text
---
---
date: 2026-09-07
---
![day](2026-09-07.svg)
<!-- tm:plan start 10:42 -->
07:00  5 p1 ✓ Read ch.6 §1–2               @m3  1b  (67m)
<!-- tm:plan end -->

# Pinned
- [ ] 2 20m Call the bank about the card  ^p1

## Log
06:05 wake slept=8h10m

## Notes
the afternoon went sideways

<!-- tm:review start -->
 Day 2026-09-07 · 5/6 blocks
 done t1 t2
<!-- tm:review end -->
