---
source: tm-core/tests/store_state.rs
expression: "RuntimeState::default()"
---
{
  "date": null,
  "wake": null,
  "arrival": null,
  "loc": null,
  "window": null,
  "budget": null,
  "active": null,
  "break": null,
  "interrupt": null,
  "last_plan_hash": null,
  "priorities_yesterday": {},
  "closed": {
    "day": null,
    "week": null,
    "month": null
  }
}
